Component: Arm Compiler for Embedded 6.18 Tool: armlink [5e4cc100]

==============================================================================

Section Cross References

    startup_stm32f103xb.o(STACK) refers (Special) to heapauxi.o(.text) for __use_two_region_memory
    startup_stm32f103xb.o(HEAP) refers (Special) to heapauxi.o(.text) for __use_two_region_memory
    startup_stm32f103xb.o(RESET) refers (Special) to heapauxi.o(.text) for __use_two_region_memory
    startup_stm32f103xb.o(RESET) refers to startup_stm32f103xb.o(STACK) for __initial_sp
    startup_stm32f103xb.o(RESET) refers to startup_stm32f103xb.o(.text) for Reset_Handler
    startup_stm32f103xb.o(RESET) refers to stm32f1xx_it.o(.text.NMI_Handler) for NMI_Handler
    startup_stm32f103xb.o(RESET) refers to stm32f1xx_it.o(.text.HardFault_Handler) for HardFault_Handler
    startup_stm32f103xb.o(RESET) refers to stm32f1xx_it.o(.text.MemManage_Handler) for MemManage_Handler
    startup_stm32f103xb.o(RESET) refers to stm32f1xx_it.o(.text.BusFault_Handler) for BusFault_Handler
    startup_stm32f103xb.o(RESET) refers to stm32f1xx_it.o(.text.UsageFault_Handler) for UsageFault_Handler
    startup_stm32f103xb.o(RESET) refers to stm32f1xx_it.o(.text.SVC_Handler) for SVC_Handler
    startup_stm32f103xb.o(RESET) refers to stm32f1xx_it.o(.text.DebugMon_Handler) for DebugMon_Handler
    startup_stm32f103xb.o(RESET) refers to stm32f1xx_it.o(.text.PendSV_Handler) for PendSV_Handler
    startup_stm32f103xb.o(RESET) refers to stm32f1xx_it.o(.text.SysTick_Handler) for SysTick_Handler
    startup_stm32f103xb.o(RESET) refers to stm32f1xx_it.o(.text.EXTI1_IRQHandler) for EXTI1_IRQHandler
    startup_stm32f103xb.o(RESET) refers to stm32f1xx_it.o(.text.EXTI2_IRQHandler) for EXTI2_IRQHandler
    startup_stm32f103xb.o(RESET) refers to stm32f1xx_it.o(.text.EXTI3_IRQHandler) for EXTI3_IRQHandler
    startup_stm32f103xb.o(RESET) refers to stm32f1xx_it.o(.text.EXTI4_IRQHandler) for EXTI4_IRQHandler
    startup_stm32f103xb.o(RESET) refers to stm32f1xx_it.o(.text.DMA1_Channel1_IRQHandler) for DMA1_Channel1_IRQHandler
    startup_stm32f103xb.o(RESET) refers to stm32f1xx_it.o(.text.EXTI15_10_IRQHandler) for EXTI15_10_IRQHandler
    startup_stm32f103xb.o(.text) refers (Special) to heapauxi.o(.text) for __use_two_region_memory
    startup_stm32f103xb.o(.text) refers to system_stm32f1xx.o(.text.SystemInit) for SystemInit
    startup_stm32f103xb.o(.text) refers to __main.o(!!!main) for __main
    startup_stm32f103xb.o(.text) refers to startup_stm32f103xb.o(HEAP) for Heap_Mem
    startup_stm32f103xb.o(.text) refers to startup_stm32f103xb.o(STACK) for Stack_Mem
    main.o(.text.main) refers to stm32f1xx_hal.o(.text.HAL_Init) for HAL_Init
    main.o(.text.main) refers to main.o(.text.SystemClock_Config) for SystemClock_Config
    main.o(.text.main) refers to main.o(.text.MX_GPIO_Init) for MX_GPIO_Init
    main.o(.text.main) refers to main.o(.text.MX_DMA_Init) for MX_DMA_Init
    main.o(.text.main) refers to main.o(.text.MX_ADC1_Init) for MX_ADC1_Init
    main.o(.text.main) refers to main.o(.text.MX_I2C1_Init) for MX_I2C1_Init
    main.o(.text.main) refers to main.o(.text.MX_SPI1_Init) for MX_SPI1_Init
    main.o(.text.main) refers to main.o(.text.MX_TIM4_Init) for MX_TIM4_Init
    main.o(.text.main) refers to i2c-lcd.o(.text.lcd_init) for lcd_init
    main.o(.text.main) refers to i2c-lcd.o(.text.lcd_clear) for lcd_clear
    main.o(.text.main) refers to main.o(.bss.hi2c1) for hi2c1
    main.o(.text.main) refers to main.o(.rodata.str1.1) for .L.str
    main.o(.text.main) refers to bh1750.o(.text.BH1750_init_dev_struct) for BH1750_init_dev_struct
    main.o(.text.main) refers to bh1750.o(.text.BH1750_init_dev) for BH1750_init_dev
    main.o(.text.main) refers to main.o(.bss.DHT1) for DHT1
    main.o(.text.main) refers to main.o(.bss.htim4) for htim4
    main.o(.text.main) refers to dht.o(.text.DHT_Init) for DHT_Init
    main.o(.text.main) refers to main.o(.bss.hadc1) for hadc1
    main.o(.text.main) refers to main.o(.bss.buffer) for buffer
    main.o(.text.main) refers to stm32f1xx_hal_adc.o(.text.HAL_ADC_Start_DMA) for HAL_ADC_Start_DMA
    main.o(.text.main) refers to main.o(.text.Read_Eeprom) for Read_Eeprom
    main.o(.text.main) refers to lora.o(.text.newLoRa) for newLoRa
    main.o(.text.main) refers to main.o(.bss.myLoRa) for myLoRa
    main.o(.text.main) refers to main.o(.bss.hspi1) for hspi1
    main.o(.text.main) refers to lora.o(.text.LoRa_init) for LoRa_init
    main.o(.text.main) refers to main.o(.bss.LoRa_stat) for LoRa_stat
    main.o(.text.main) refers to i2c-lcd.o(.text.lcd_send_cmd) for lcd_send_cmd
    main.o(.text.main) refers to i2c-lcd.o(.text.lcd_send_string) for lcd_send_string
    main.o(.text.main) refers to stm32f1xx_hal.o(.text.HAL_Delay) for HAL_Delay
    main.o(.text.main) refers to lora.o(.text.LoRa_startReceiving) for LoRa_startReceiving
    main.o(.text.main) refers to stm32f1xx_hal.o(.text.HAL_GetTick) for HAL_GetTick
[...]
    SPI2_IRQHandler                          0x08000257   Thumb Code     0  startup_stm32f103xb.o(.text)
    TAMPER_IRQHandler                        0x08000257   Thumb Code     0  startup_stm32f103xb.o(.text)
    TIM1_BRK_IRQHandler                      0x08000257   Thumb Code     0  startup_stm32f103xb.o(.text)
    TIM1_CC_IRQHandler                       0x08000257   Thumb Code     0  startup_stm32f103xb.o(.text)
    TIM1_TRG_COM_IRQHandler                  0x08000257   Thumb Code     0  startup_stm32f103xb.o(.text)
    TIM1_UP_IRQHandler                       0x08000257   Thumb Code     0  startup_stm32f103xb.o(.text)
    TIM2_IRQHandler                          0x08000257   Thumb Code     0  startup_stm32f103xb.o(.text)
    TIM3_IRQHandler                          0x08000257   Thumb Code     0  startup_stm32f103xb.o(.text)
    TIM4_IRQHandler                          0x08000257   Thumb Code     0  startup_stm32f103xb.o(.text)
    USART1_IRQHandler                        0x08000257   Thumb Code     0  startup_stm32f103xb.o(.text)
    USART2_IRQHandler                        0x08000257   Thumb Code     0  startup_stm32f103xb.o(.text)
    USART3_IRQHandler                        0x08000257   Thumb Code     0  startup_stm32f103xb.o(.text)
    USBWakeUp_IRQHandler                     0x08000257   Thumb Code     0  startup_stm32f103xb.o(.text)
    USB_HP_CAN1_TX_IRQHandler                0x08000257   Thumb Code     0  startup_stm32f103xb.o(.text)
    USB_LP_CAN1_RX0_IRQHandler               0x08000257   Thumb Code     0  startup_stm32f103xb.o(.text)
    WWDG_IRQHandler                          0x08000257   Thumb Code     0  startup_stm32f103xb.o(.text)
    __user_initial_stackheap                 0x08000259   Thumb Code     0  startup_stm32f103xb.o(.text)
    calloc                                   0x0800027d   Thumb Code    40  calloc.o(.text)
    malloc                                   0x080002a5   Thumb Code    94  h1_alloc.o(.text)
    sprintf                                  0x08000305   Thumb Code    38  sprintf.o(.text)
    strcpy                                   0x08000331   Thumb Code    72  strcpy.o(.text)
    strlen                                   0x08000379   Thumb Code    62  strlen.o(.text)
    __aeabi_memclr4                          0x080003b7   Thumb Code     0  rt_memclr_w.o(.text)
    __aeabi_memclr8                          0x080003b7   Thumb Code     0  rt_memclr_w.o(.text)
    __rt_memclr_w                            0x080003b7   Thumb Code     0  rt_memclr_w.o(.text)
    _memset_w                                0x080003bb   Thumb Code    74  rt_memclr_w.o(.text)
    __use_two_region_memory                  0x08000405   Thumb Code     2  heapauxi.o(.text)
    __rt_heap_escrow                         0x08000407   Thumb Code     2  heapauxi.o(.text)
    __rt_heap_expand                         0x08000409   Thumb Code     2  heapauxi.o(.text)
    __rt_heap_descriptor                     0x0800040d   Thumb Code     8  rt_heap_descriptor_intlibspace.o(.text)
    __use_no_heap                            0x08000415   Thumb Code     2  hguard.o(.text)
    __heap$guard                             0x08000417   Thumb Code     2  hguard.o(.text)
    _terminate_user_alloc                    0x08000419   Thumb Code     2  init_alloc.o(.text)
    _init_user_alloc                         0x0800041b   Thumb Code     2  init_alloc.o(.text)
    __Heap_Full                              0x0800041d   Thumb Code    34  init_alloc.o(.text)
    __Heap_Broken                            0x0800043f   Thumb Code     6  init_alloc.o(.text)
    _init_alloc                              0x08000445   Thumb Code    94  init_alloc.o(.text)
    __Heap_Initialize                        0x080004a3   Thumb Code    10  h1_init.o(.text)
    __Heap_DescSize                          0x080004ad   Thumb Code     4  h1_init.o(.text)
    free                                     0x080004b1   Thumb Code    78  h1_free.o(.text)
    __read_errno                             0x080004ff   Thumb Code    10  _rserrno.o(.text)
    __set_errno                              0x08000509   Thumb Code    12  _rserrno.o(.text)
    _printf_pre_padding                      0x08000515   Thumb Code    44  _printf_pad.o(.text)
    _printf_post_padding                     0x08000541   Thumb Code    34  _printf_pad.o(.text)
    _printf_truncate_signed                  0x08000563   Thumb Code    18  _printf_truncate.o(.text)
    _printf_truncate_unsigned                0x08000575   Thumb Code    18  _printf_truncate.o(.text)
    _printf_str                              0x08000587   Thumb Code    82  _printf_str.o(.text)
    _printf_int_dec                          0x080005d9   Thumb Code   104  _printf_dec.o(.text)
    _printf_charcount                        0x08000651   Thumb Code    40  _printf_charcount.o(.text)
    _printf_char_common                      0x08000683   Thumb Code    32  _printf_char_common.o(.text)
    _sputc                                   0x080006a9   Thumb Code    10  _sputc.o(.text)
    _printf_wctomb                           0x080006b5   Thumb Code   182  _printf_wctomb.o(.text)
    _printf_longlong_dec                     0x08000771   Thumb Code   108  _printf_longlong_dec.o(.text)
    _printf_longlong_oct                     0x080007ed   Thumb Code    68  _printf_oct_int_ll.o(.text)
    _printf_int_oct                          0x08000831   Thumb Code    24  _printf_oct_int_ll.o(.text)
    _printf_ll_oct                           0x08000849   Thumb Code    12  _printf_oct_int_ll.o(.text)
    _printf_longlong_hex                     0x0800085d   Thumb Code    86  _printf_hex_int_ll_ptr.o(.text)
    _printf_int_hex                          0x080008b3   Thumb Code    28  _printf_hex_int_ll_ptr.o(.text)
    _printf_ll_hex                           0x080008cf   Thumb Code    12  _printf_hex_int_ll_ptr.o(.text)
    _printf_hex_ptr                          0x080008db   Thumb Code    18  _printf_hex_int_ll_ptr.o(.text)
    __printf                                 0x080008f1   Thumb Code   388  __printf_flags_ss_wp.o(.text)
    __aeabi_memclr                           0x08000a79   Thumb Code     0  rt_memclr.o(.text)
    __rt_memclr                              0x08000a79   Thumb Code     0  rt_memclr.o(.text)
    _memset                                  0x08000a7d   Thumb Code    64  rt_memclr.o(.text)
    __user_libspace                          0x08000abd   Thumb Code     8  libspace.o(.text)
    __user_perproc_libspace                  0x08000abd   Thumb Code     0  libspace.o(.text)
    __user_perthread_libspace                0x08000abd   Thumb Code     0  libspace.o(.text)
    __aeabi_errno_addr                       0x08000ac5   Thumb Code     8  rt_errno_addr_intlibspace.o(.text)
    __errno$intlibspace                      0x08000ac5   Thumb Code     0  rt_errno_addr_intlibspace.o(.text)
    __rt_errno_addr$intlibspace              0x08000ac5   Thumb Code     0  rt_errno_addr_intlibspace.o(.text)
    __Heap_ProvideMemory                     0x08000acd   Thumb Code    52  h1_extend.o(.text)
    _maybe_terminate_alloc                   0x08000acd   Thumb Code     0  maybetermalloc1.o(.text)
    _ll_udiv10                               0x08000b01   Thumb Code   138  lludiv10.o(.text)
    _printf_int_common                       0x08000b8b   Thumb Code   178  _printf_intcommon.o(.text)
    _printf_fp_dec_real                      0x08000ded   Thumb Code   620  _printf_fp_dec.o(.text)
    _printf_fp_hex_real                      0x08001059   Thumb Code   756  _printf_fp_hex.o(.text)
    _printf_cs_common                        0x08001355   Thumb Code    20  _printf_char.o(.text)
    _printf_char                             0x08001369   Thumb Code    16  _printf_char.o(.text)
    _printf_string                           0x08001379   Thumb Code     8  _printf_char.o(.text)
    _printf_lcs_common                       0x08001381   Thumb Code    20  _printf_wchar.o(.text)
    _printf_wchar                            0x08001395   Thumb Code    16  _printf_wchar.o(.text)
    _printf_wstring                          0x080013a5   Thumb Code     8  _printf_wchar.o(.text)
    _c16rtomb                                0x080013ad   Thumb Code    72  _c16rtomb.o(.text)
    _wcrtomb                                 0x080013ad   Thumb Code     0  _c16rtomb.o(.text)
    __rt_SIGRTMEM                            0x080013f5   Thumb Code    14  defsig_rtmem_outer.o(.text)
    __I$use$semihosting                      0x08001403   Thumb Code     0  use_no_semi.o(.text)
    __use_no_semihosting_swi                 0x08001403   Thumb Code     2  use_no_semi.o(.text)
    __semihosting_library_function           0x08001405   Thumb Code     0  indicate_semi.o(.text)
    __user_setup_stackheap                   0x08001405   Thumb Code    74  sys_stackheap_outer.o(.text)
    __rt_ctype_table                         0x08001451   Thumb Code    16  rt_ctype_table.o(.text)
    __rt_locale                              0x08001461   Thumb Code     8  rt_locale_intlibspace.o(.text)
    _printf_fp_infnan                        0x08001469   Thumb Code   112  _printf_fp_infnan.o(.text)
    _btod_etento                             0x080014e9   Thumb Code   224  bigflt0.o(.text)
    exit                                     0x080015cd   Thumb Code    18  exit.o(.text)
    __sig_exit                               0x080015df   Thumb Code    10  defsig_exit.o(.text)
    __rt_SIGRTMEM_inner                      0x080015e9   Thumb Code    22  defsig_rtmem_inner.o(.text)
    _sys_exit                                0x08001639   Thumb Code     8  sys_exit.o(.text)
    __default_signal_display                 0x08001645   Thumb Code    50  defsig_general.o(.text)
    strcmp                                   0x08001679   Thumb Code   128  strcmpv7m.o(.text)
    _ttywrch                                 0x080016f9   Thumb Code    14  sys_wrch.o(.text)
    ADC_ConversionStop_Disable               0x08001709   Thumb Code   130  stm32f1xx_hal_adc.o(.text.ADC_ConversionStop_Disable)
    ADC_DMAConvCplt                          0x0800178d   Thumb Code   120  stm32f1xx_hal_adc.o(.text.ADC_DMAConvCplt)
    ADC_DMAError                             0x08001805   Thumb Code    42  stm32f1xx_hal_adc.o(.text.ADC_DMAError)
    ADC_DMAHalfConvCplt                      0x08001831   Thumb Code    22  stm32f1xx_hal_adc.o(.text.ADC_DMAHalfConvCplt)
    ADC_Enable                               0x08001849   Thumb Code   188  stm32f1xx_hal_adc.o(.text.ADC_Enable)
    BH1750_convert                           0x08001905   Thumb Code    64  bh1750.o(.text.BH1750_convert)
    BH1750_get_lumen                         0x08001945   Thumb Code    24  bh1750.o(.text.BH1750_get_lumen)
    BH1750_init_dev                          0x0800195d   Thumb Code    36  bh1750.o(.text.BH1750_init_dev)
    BH1750_init_dev_struct                   0x08001981   Thumb Code   138  bh1750.o(.text.BH1750_init_dev_struct)
    BH1750_poll_self                         0x08001a0d   Thumb Code    16  bh1750.o(.text.BH1750_poll_self)
    BH1750_read_dev                          0x08001a1d   Thumb Code    56  bh1750.o(.text.BH1750_read_dev)
    BH1750_send_command                      0x08001a55   Thumb Code    60  bh1750.o(.text.BH1750_send_command)
    BusFault_Handler                         0x08001a91   Thumb Code     4  stm32f1xx_it.o(.text.BusFault_Handler)
    Control                                  0x08001a95   Thumb Code    92  main.o(.text.Control)
    DELAY_TIM_Init                           0x08001af1   Thumb Code    16  delay_timer.o(.text.DELAY_TIM_Init)
    DELAY_TIM_Us                             0x08001b01   Thumb Code    40  delay_timer.o(.text.DELAY_TIM_Us)
    DHT_Init                                 0x08001b59   Thumb Code    96  dht.o(.text.DHT_Init)
    DHT_ReadTempHum                          0x08001d29   Thumb Code   228  dht.o(.text.DHT_ReadTempHum)
    DMA1_Channel1_IRQHandler                 0x08001f61   Thumb Code    16  stm32f1xx_it.o(.text.DMA1_Channel1_IRQHandler)
    DebugMon_Handler                         0x08001fc1   Thumb Code     2  stm32f1xx_it.o(.text.DebugMon_Handler)
    EEPROM_Read                              0x08001fc5   Thumb Code   274  eeprom.o(.text.EEPROM_Read)
    EEPROM_Write                             0x080020d9   Thumb Code   280  eeprom.o(.text.EEPROM_Write)
    EXTI15_10_IRQHandler                     0x080021f1   Thumb Code    12  stm32f1xx_it.o(.text.EXTI15_10_IRQHandler)
    EXTI1_IRQHandler                         0x080021fd   Thumb Code    10  stm32f1xx_it.o(.text.EXTI1_IRQHandler)
    EXTI2_IRQHandler                         0x08002209   Thumb Code    10  stm32f1xx_it.o(.text.EXTI2_IRQHandler)
    EXTI3_IRQHandler                         0x08002215   Thumb Code    10  stm32f1xx_it.o(.text.EXTI3_IRQHandler)
    EXTI4_IRQHandler                         0x08002221   Thumb Code    10  stm32f1xx_it.o(.text.EXTI4_IRQHandler)
    Error_Handler                            0x0800222d   Thumb Code    14  main.o(.text.Error_Handler)
    HAL_ADC_ConfigChannel                    0x0800223d   Thumb Code   436  stm32f1xx_hal_adc.o(.text.HAL_ADC_ConfigChannel)
    HAL_ADC_ConvCpltCallback                 0x080023f1   Thumb Code     8  stm32f1xx_hal_adc.o(.text.HAL_ADC_ConvCpltCallback)
    HAL_ADC_ConvHalfCpltCallback             0x080023f9   Thumb Code     8  stm32f1xx_hal_adc.o(.text.HAL_ADC_ConvHalfCpltCallback)
    HAL_ADC_ErrorCallback                    0x08002401   Thumb Code     8  stm32f1xx_hal_adc.o(.text.HAL_ADC_ErrorCallback)
    HAL_ADC_Init                             0x08002409   Thumb Code   530  stm32f1xx_hal_adc.o(.text.HAL_ADC_Init)
    HAL_ADC_MspInit                          0x0800261d   Thumb Code   202  stm32f1xx_hal_msp.o(.text.HAL_ADC_MspInit)
    HAL_ADC_Start_DMA                        0x080026e9   Thumb Code   550  stm32f1xx_hal_adc.o(.text.HAL_ADC_Start_DMA)
    HAL_DMA_IRQHandler                       0x08002911   Thumb Code   646  stm32f1xx_hal_dma.o(.text.HAL_DMA_IRQHandler)
    HAL_DMA_Init                             0x08002b99   Thumb Code   174  stm32f1xx_hal_dma.o(.text.HAL_DMA_Init)
    HAL_DMA_Start_IT                         0x08002c49   Thumb Code   202  stm32f1xx_hal_dma.o(.text.HAL_DMA_Start_IT)
    HAL_Delay                                0x08002d15   Thumb Code    66  stm32f1xx_hal.o(.text.HAL_Delay)
    HAL_GPIO_EXTI_Callback                   0x08002d59   Thumb Code   758  main.o(.text.HAL_GPIO_EXTI_Callback)
    HAL_GPIO_EXTI_IRQHandler                 0x08003051   Thumb Code    56  stm32f1xx_hal_gpio.o(.text.HAL_GPIO_EXTI_IRQHandler)
    HAL_GPIO_Init                            0x08003089   Thumb Code   798  stm32f1xx_hal_gpio.o(.text.HAL_GPIO_Init)
    HAL_GPIO_ReadPin                         0x080033a9   Thumb Code    46  stm32f1xx_hal_gpio.o(.text.HAL_GPIO_ReadPin)
    HAL_GPIO_TogglePin                       0x080033d9   Thumb Code    38  stm32f1xx_hal_gpio.o(.text.HAL_GPIO_TogglePin)
    HAL_GPIO_WritePin                        0x08003401   Thumb Code    46  stm32f1xx_hal_gpio.o(.text.HAL_GPIO_WritePin)
    HAL_GetTick                              0x08003431   Thumb Code    12  stm32f1xx_hal.o(.text.HAL_GetTick)
    HAL_I2C_Init                             0x0800343d   Thumb Code   676  stm32f1xx_hal_i2c.o(.text.HAL_I2C_Init)
    HAL_I2C_Master_Receive                   0x080036e1   Thumb Code  1188  stm32f1xx_hal_i2c.o(.text.HAL_I2C_Master_Receive)
    HAL_I2C_Master_Transmit                  0x08003b85   Thumb Code   520  stm32f1xx_hal_i2c.o(.text.HAL_I2C_Master_Transmit)
    HAL_I2C_Mem_Read                         0x08003d8d   Thumb Code  1222  stm32f1xx_hal_i2c.o(.text.HAL_I2C_Mem_Read)
    HAL_I2C_Mem_Write                        0x08004255   Thumb Code   528  stm32f1xx_hal_i2c.o(.text.HAL_I2C_Mem_Write)
    HAL_I2C_MspInit                          0x08004465   Thumb Code   126  stm32f1xx_hal_msp.o(.text.HAL_I2C_MspInit)
    HAL_IncTick                              0x080044e5   Thumb Code    26  stm32f1xx_hal.o(.text.HAL_IncTick)
    HAL_Init                                 0x08004501   Thumb Code    38  stm32f1xx_hal.o(.text.HAL_Init)
    HAL_InitTick                             0x08004529   Thumb Code   112  stm32f1xx_hal.o(.text.HAL_InitTick)
    HAL_MspInit                              0x08004599   Thumb Code   100  stm32f1xx_hal_msp.o(.text.HAL_MspInit)
    HAL_NVIC_EnableIRQ                       0x080045fd   Thumb Code    20  stm32f1xx_hal_cortex.o(.text.HAL_NVIC_EnableIRQ)
    HAL_NVIC_SetPriority                     0x08004611   Thumb Code    50  stm32f1xx_hal_cortex.o(.text.HAL_NVIC_SetPriority)
    HAL_NVIC_SetPriorityGrouping             0x08004645   Thumb Code    16  stm32f1xx_hal_cortex.o(.text.HAL_NVIC_SetPriorityGrouping)
    HAL_RCCEx_PeriphCLKConfig                0x08004655   Thumb Code   456  stm32f1xx_hal_rcc_ex.o(.text.HAL_RCCEx_PeriphCLKConfig)
    HAL_RCC_ClockConfig                      0x0800481d   Thumb Code   598  stm32f1xx_hal_rcc.o(.text.HAL_RCC_ClockConfig)
    HAL_RCC_GetHCLKFreq                      0x08004a75   Thumb Code    12  stm32f1xx_hal_rcc.o(.text.HAL_RCC_GetHCLKFreq)
    HAL_RCC_GetPCLK1Freq                     0x08004a81   Thumb Code    34  stm32f1xx_hal_rcc.o(.text.HAL_RCC_GetPCLK1Freq)
    HAL_RCC_GetSysClockFreq                  0x08004aa5   Thumb Code   228  stm32f1xx_hal_rcc.o(.text.HAL_RCC_GetSysClockFreq)
    HAL_RCC_OscConfig                        0x08004b89   Thumb Code  1658  stm32f1xx_hal_rcc.o(.text.HAL_RCC_OscConfig)
    HAL_SPI_GetState                         0x08005205   Thumb Code    14  stm32f1xx_hal_spi.o(.text.HAL_SPI_GetState)
    HAL_SPI_Init                             0x08005215   Thumb Code   248  stm32f1xx_hal_spi.o(.text.HAL_SPI_Init)
    HAL_SPI_MspInit                          0x0800530d   Thumb Code   148  stm32f1xx_hal_msp.o(.text.HAL_SPI_MspInit)
    HAL_SPI_Receive                          0x080053a1   Thumb Code   560  stm32f1xx_hal_spi.o(.text.HAL_SPI_Receive)
    HAL_SPI_Transmit                         0x080055d1   Thumb Code   644  stm32f1xx_hal_spi.o(.text.HAL_SPI_Transmit)
    HAL_SPI_TransmitReceive                  0x08005855   Thumb Code   870  stm32f1xx_hal_spi.o(.text.HAL_SPI_TransmitReceive)
    HAL_SYSTICK_Config                       0x08005bbd   Thumb Code    16  stm32f1xx_hal_cortex.o(.text.HAL_SYSTICK_Config)
    HAL_TIMEx_MasterConfigSynchronization    0x08005bcd   Thumb Code   220  stm32f1xx_hal_tim_ex.o(.text.HAL_TIMEx_MasterConfigSynchronization)
    HAL_TIM_Base_Init                        0x08005ca9   Thumb Code   156  stm32f1xx_hal_tim.o(.text.HAL_TIM_Base_Init)
    HAL_TIM_Base_MspInit                     0x08005d45   Thumb Code    58  stm32f1xx_hal_msp.o(.text.HAL_TIM_Base_MspInit)
    HAL_TIM_Base_Start                       0x08005d81   Thumb Code   164  stm32f1xx_hal_tim.o(.text.HAL_TIM_Base_Start)
    HAL_TIM_ConfigClockSource                0x08005e25   Thumb Code   374  stm32f1xx_hal_tim.o(.text.HAL_TIM_ConfigClockSource)
    HardFault_Handler                        0x08005f9d   Thumb Code     4  stm32f1xx_it.o(.text.HardFault_Handler)
    LoRa_ACK                                 0x080069a9   Thumb Code    38  main.o(.text.LoRa_ACK)
    LoRa_BurstWrite                          0x080069d1   Thumb Code   128  lora.o(.text.LoRa_BurstWrite)
    LoRa_gotoMode                            0x08006a51   Thumb Code   198  lora.o(.text.LoRa_gotoMode)
    LoRa_init                                0x08006b19   Thumb Code   332  lora.o(.text.LoRa_init)
    LoRa_isvalid                             0x08006c65   Thumb Code    10  lora.o(.text.LoRa_isvalid)
    LoRa_read                                0x08006c71   Thumb Code    50  lora.o(.text.LoRa_read)
    LoRa_readReg                             0x08006ca5   Thumb Code   124  lora.o(.text.LoRa_readReg)
    LoRa_receive                             0x08006d21   Thumb Code   226  lora.o(.text.LoRa_receive)
    LoRa_setFrequency                        0x08006e05   Thumb Code    98  lora.o(.text.LoRa_setFrequency)
    LoRa_setOCP                              0x08006e69   Thumb Code   162  lora.o(.text.LoRa_setOCP)
    LoRa_setPower                            0x08006f0d   Thumb Code    32  lora.o(.text.LoRa_setPower)
    LoRa_setSpreadingFactor                  0x08006f2d   Thumb Code    98  lora.o(.text.LoRa_setSpreadingFactor)
    LoRa_setTOMsb_setCRCon                   0x08006f91   Thumb Code    54  lora.o(.text.LoRa_setTOMsb_setCRCon)
    LoRa_startReceiving                      0x08006fc9   Thumb Code    18  lora.o(.text.LoRa_startReceiving)
    LoRa_transmit                            0x08006fdd   Thumb Code   190  lora.o(.text.LoRa_transmit)
    LoRa_write                               0x0800709d   Thumb Code    56  lora.o(.text.LoRa_write)
    LoRa_writeReg                            0x080070d5   Thumb Code   124  lora.o(.text.LoRa_writeReg)
    MemManage_Handler                        0x080074cd   Thumb Code     4  stm32f1xx_it.o(.text.MemManage_Handler)
    NMI_Handler                              0x080074d1   Thumb Code     4  stm32f1xx_it.o(.text.NMI_Handler)
    PendSV_Handler                           0x08007541   Thumb Code     2  stm32f1xx_it.o(.text.PendSV_Handler)
    Read_Eeprom                              0x08007581   Thumb Code   214  main.o(.text.Read_Eeprom)
    SVC_Handler                              0x08007881   Thumb Code     2  stm32f1xx_it.o(.text.SVC_Handler)
    SysTick_Handler                          0x080078d9   Thumb Code     8  stm32f1xx_it.o(.text.SysTick_Handler)
    SystemClock_Config                       0x080078e1   Thumb Code   144  main.o(.text.SystemClock_Config)
    SystemInit                               0x08007971   Thumb Code     2  system_stm32f1xx.o(.text.SystemInit)
    TIM_Base_SetConfig                       0x08007975   Thumb Code   240  stm32f1xx_hal_tim.o(.text.TIM_Base_SetConfig)
    TIM_ETR_SetConfig                        0x08007a65   Thumb Code    52  stm32f1xx_hal_tim.o(.text.TIM_ETR_SetConfig)
    UsageFault_Handler                       0x08007b69   Thumb Code     4  stm32f1xx_it.o(.text.UsageFault_Handler)
    Write_Eeprom                             0x08007b6d   Thumb Code   204  main.o(.text.Write_Eeprom)
    bytestowrite                             0x08007cf9   Thumb Code    58  eeprom.o(.text.bytestowrite)
    lcd_clear                                0x08007d35   Thumb Code    16  i2c-lcd.o(.text.lcd_clear)
    lcd_init                                 0x08007d45   Thumb Code   128  i2c-lcd.o(.text.lcd_init)
    lcd_send_cmd                             0x08007dc5   Thumb Code   108  i2c-lcd.o(.text.lcd_send_cmd)
    lcd_send_data                            0x08007e31   Thumb Code   108  i2c-lcd.o(.text.lcd_send_data)
    lcd_send_string                          0x08007e9d   Thumb Code    34  i2c-lcd.o(.text.lcd_send_string)
    main                                     0x08007ec1   Thumb Code  2306  main.o(.text.main)
    map_lcd                                  0x080087c5   Thumb Code    42  main.o(.text.map_lcd)
    newLoRa                                  0x080087f1   Thumb Code    42  lora.o(.text.newLoRa)
    _btod_d2e                                0x0800881b   Thumb Code    62  btod.o(CL$$btod_d2e)
    _d2e_denorm_low                          0x08008859   Thumb Code    70  btod.o(CL$$btod_d2e_denorm_low)
    _d2e_norm_op1                            0x0800889f   Thumb Code    96  btod.o(CL$$btod_d2e_norm_op1)
    __btod_div_common                        0x08008901   Thumb Code   696  btod.o(CL$$btod_div_common)
    _e2e                                     0x08008c39   Thumb Code   220  btod.o(CL$$btod_e2e)
    _btod_ediv                               0x08008d15   Thumb Code    42  btod.o(CL$$btod_ediv)
    _btod_emul                               0x08008d3f   Thumb Code    42  btod.o(CL$$btod_emul)
    __btod_mult_common                       0x08008d69   Thumb Code   580  btod.o(CL$$btod_mult_common)
    __ARM_fpclassify                         0x08008fad   Thumb Code    40  fpclassify.o(i.__ARM_fpclassify)
    __kernel_poly                            0x08008fd5   Thumb Code   170  poly.o(i.__kernel_poly)
    __mathlib_dbl_divzero                    0x08009081   Thumb Code    12  dunder.o(i.__mathlib_dbl_divzero)
    __mathlib_dbl_infnan                     0x08009091   Thumb Code     6  dunder.o(i.__mathlib_dbl_infnan)
    __mathlib_dbl_invalid                    0x08009097   Thumb Code    12  dunder.o(i.__mathlib_dbl_invalid)
    _is_digit                                0x080090a3   Thumb Code    14  __printf_wp.o(i._is_digit)
    log                                      0x080090b1   Thumb Code   808  log.o(i.log)
    _get_lc_numeric                          0x0800940d   Thumb Code    44  lc_numeric_c.o(locale$$code)
    _get_lc_ctype                            0x08009439   Thumb Code    44  lc_ctype_c.o(locale$$code)
    __aeabi_dadd                             0x08009465   Thumb Code     0  daddsub_clz.o(x$fpl$dadd)
    _dadd                                    0x08009465   Thumb Code   332  daddsub_clz.o(x$fpl$dadd)
    __fpl_dcheck_NaN1                        0x080095b5   Thumb Code    10  dcheck1.o(x$fpl$dcheck1)
    __fpl_dcmp_Inf                           0x080095c5   Thumb Code    24  dcmpi.o(x$fpl$dcmpinf)
    __aeabi_ddiv                             0x080095dd   Thumb Code     0  ddiv.o(x$fpl$ddiv)
    _ddiv                                    0x080095dd   Thumb Code   556  ddiv.o(x$fpl$ddiv)
    __aeabi_cdcmpeq                          0x08009891   Thumb Code     0  deqf.o(x$fpl$deqf)
    _dcmpeq                                  0x08009891   Thumb Code   120  deqf.o(x$fpl$deqf)
    __aeabi_d2iz                             0x08009909   Thumb Code     0  dfix.o(x$fpl$dfix)
    _dfix                                    0x08009909   Thumb Code    94  dfix.o(x$fpl$dfix)
    __aeabi_i2d                              0x08009967   Thumb Code     0  dflt_clz.o(x$fpl$dflt)
    _dflt                                    0x08009967   Thumb Code    46  dflt_clz.o(x$fpl$dflt)
    __aeabi_ui2d                             0x08009995   Thumb Code     0  dflt_clz.o(x$fpl$dfltu)
    _dfltu                                   0x08009995   Thumb Code    38  dflt_clz.o(x$fpl$dfltu)
    __aeabi_dmul                             0x080099bd   Thumb Code     0  dmul.o(x$fpl$dmul)
    _dmul                                    0x080099bd   Thumb Code   332  dmul.o(x$fpl$dmul)
    __fpl_dnaninf                            0x08009b11   Thumb Code   156  dnaninf.o(x$fpl$dnaninf)
    __fpl_dretinf                            0x08009bad   Thumb Code    12  dretinf.o(x$fpl$dretinf)
    __aeabi_drsub                            0x08009bb9   Thumb Code     0  daddsub_clz.o(x$fpl$drsb)
    _drsb                                    0x08009bb9   Thumb Code    22  daddsub_clz.o(x$fpl$drsb)
    __aeabi_dsub                             0x08009bd1   Thumb Code     0  daddsub_clz.o(x$fpl$dsub)
    _dsub                                    0x08009bd1   Thumb Code   472  daddsub_clz.o(x$fpl$dsub)
    __aeabi_fadd                             0x08009dad   Thumb Code     0  faddsub_clz.o(x$fpl$fadd)
    _fadd                                    0x08009dad   Thumb Code   196  faddsub_clz.o(x$fpl$fadd)
    __aeabi_f2iz                             0x08009e71   Thumb Code     0  ffix.o(x$fpl$ffix)
    _ffix                                    0x08009e71   Thumb Code    54  ffix.o(x$fpl$ffix)
    __aeabi_i2f                              0x08009ea9   Thumb Code     0  fflt_clz.o(x$fpl$fflt)
    _fflt                                    0x08009ea9   Thumb Code    48  fflt_clz.o(x$fpl$fflt)
    __aeabi_ui2f                             0x08009ed9   Thumb Code     0  fflt_clz.o(x$fpl$ffltu)
    _ffltu                                   0x08009ed9   Thumb Code    38  fflt_clz.o(x$fpl$ffltu)
    __fpl_fnaninf                            0x08009eff   Thumb Code   140  fnaninf.o(x$fpl$fnaninf)
    __fpl_fretinf                            0x08009f8b   Thumb Code    10  fretinf.o(x$fpl$fretinf)
    __aeabi_fsub                             0x08009f95   Thumb Code     0  faddsub_clz.o(x$fpl$fsub)
    _fsub                                    0x08009f95   Thumb Code   234  faddsub_clz.o(x$fpl$fsub)
    _printf_fp_dec                           0x0800a07f   Thumb Code     4  printf1.o(x$fpl$printf1)
    _printf_fp_hex                           0x0800a083   Thumb Code     4  printf2.o(x$fpl$printf2)
    __fpl_return_NaN                         0x0800a087   Thumb Code   100  retnan.o(x$fpl$retnan)
    __ARM_scalbn                             0x0800a0eb   Thumb Code    92  scalbn.o(x$fpl$scalbn)
    __fpl_cmpreturn                          0x0800a147   Thumb Code    48  trapv.o(x$fpl$trapveneer)
    __I$use$fp                               0x0800a176   Number         0  usenofp.o(x$fpl$usenofp)
    __mathlib_zero                           0x0800a1f8   Data           8  qnan.o(.constdata)
    AHBPrescTable                            0x0800a2bc   Data          16  system_stm32f1xx.o(.rodata.AHBPrescTable)
    APBPrescTable                            0x0800a2cc   Data           8  system_stm32f1xx.o(.rodata.APBPrescTable)
    Region$$Table$$Base                      0x0800a33c   Number         0  anon$$obj.o(Region$$Table)
    Region$$Table$$Limit                     0x0800a35c   Number         0  anon$$obj.o(Region$$Table)
    __ctype                                  0x0800a385   Data           0  lc_ctype_c.o(locale$$data)
    HumiLower                                0x20000000   Data           1  main.o(.data.HumiLower)
    HumiSoilLower                            0x20000001   Data           1  main.o(.data.HumiSoilLower)
    HumiSoilUpper                            0x20000002   Data           1  main.o(.data.HumiSoilUpper)
    HumiUpper                                0x20000003   Data           1  main.o(.data.HumiUpper)
    LuxLower                                 0x20000004   Data           2  main.o(.data.LuxLower)
    LuxLower_L                               0x20000006   Data           1  main.o(.data.LuxLower_L)
    LuxUpper                                 0x20000008   Data           2  main.o(.data.LuxUpper)
    LuxUpper_L                               0x2000000a   Data           1  main.o(.data.LuxUpper_L)
    SystemCoreClock                          0x2000000c   Data           4  system_stm32f1xx.o(.data.SystemCoreClock)
    TempLower                                0x20000010   Data           1  main.o(.data.TempLower)
    TempUpper                                0x20000011   Data           1  main.o(.data.TempUpper)
    uwTickFreq                               0x20000012   Data           1  stm32f1xx_hal.o(.data.uwTickFreq)
    uwTickPrio                               0x20000014   Data           4  stm32f1xx_hal.o(.data.uwTickPrio)
    __libspace_start                         0x20000018   Data          96  libspace.o(.bss)
    Auto                                     0x20000078   Data           1  main.o(.bss.Auto)
    __temporary_stack_top$libspace           0x20000078   Data           0  libspace.o(.bss)
    Bump                                     0x20000079   Data           1  main.o(.bss.Bump)
    DHT1                                     0x2000007c   Data          24  main.o(.bss.DHT1)
    EEPROM_Data                              0x20000094   Data          10  main.o(.bss.EEPROM_Data)
    Fan                                      0x2000009e   Data           1  main.o(.bss.Fan)
    HumiSoil                                 0x200000a0   Data           2  main.o(.bss.HumiSoil)
    Led                                      0x200000a2   Data           1  main.o(.bss.Led)
    LoRa_stat                                0x200000a3   Data           1  main.o(.bss.LoRa_stat)
    Lux                                      0x200000a4   Data           2  main.o(.bss.Lux)
    LuxLower_H                               0x200000a6   Data           1  main.o(.bss.LuxLower_H)
    LuxUpper_H                               0x200000a7   Data           1  main.o(.bss.LuxUpper_H)
    Lux_H                                    0x200000a8   Data           1  main.o(.bss.Lux_H)
    Lux_L                                    0x200000a9   Data           1  main.o(.bss.Lux_L)
    buffer                                   0x200000ac   Data           4  main.o(.bss.buffer)
    cMillis                                  0x200000b0   Data           4  dht.o(.bss.cMillis)
    flgLoRa                                  0x200000b4   Data           1  main.o(.bss.flgLoRa)
    hadc1                                    0x200000b8   Data          48  main.o(.bss.hadc1)
    hdma_adc1                                0x200000e8   Data          68  main.o(.bss.hdma_adc1)
    hi2c1                                    0x2000012c   Data          84  main.o(.bss.hi2c1)
    hspi1                                    0x20000180   Data          88  main.o(.bss.hspi1)
    htim4                                    0x200001d8   Data          72  main.o(.bss.htim4)
    myLoRa                                   0x20000220   Data          44  main.o(.bss.myLoRa)
    pMillis                                  0x2000024c   Data           4  dht.o(.bss.pMillis)
    packet_size                              0x20000250   Data           1  main.o(.bss.packet_size)
    receive_data                             0x20000251   Data         128  main.o(.bss.receive_data)
    transmit_data                            0x200002d1   Data         128  main.o(.bss.transmit_data)
    uwTick                                   0x20000354   Data           4  stm32f1xx_hal.o(.bss.uwTick)



==============================================================================

Memory Map of the image

  Image Entry point : 0x080000ed

  Load Region LR_IROM1 (Base: 0x08000000, Size: 0x0000a4a0, Max: 0x00010000, ABSOLUTE)

    Execution Region ER_IROM1 (Exec base: 0x08000000, Load base: 0x08000000, Size: 0x0000a488, Max: 0x00010000, ABSOLUTE)

    Exec Addr    Load Addr    Size         Type   Attr      Idx    E Section Name        Object

    0x08000000   0x08000000   0x000000ec   Data   RO            3    RESET               startup_stm32f103xb.o
    0x080000ec   0x080000ec   0x00000008   Code   RO         1493  * !!!main             c_w.l(__main.o)
    0x080000f4   0x080000f4   0x00000034   Code   RO         1969    !!!scatter          c_w.l(__scatter.o)
    0x08000128   0x08000128   0x0000001a   Code   RO         1971    !!handler_copy      c_w.l(__scatter_copy.o)
    0x08000142   0x08000142   0x00000002   PAD
    0x08000144   0x08000144   0x0000001c   Code   RO         1973    !!handler_zi        c_w.l(__scatter_zi.o)
    0x08000160   0x08000160   0x00000000   Code   RO         1645    .ARM.Collect$$_printf_percent$$00000000  c_w.l(_printf_percent.o)
    0x08000160   0x08000160   0x00000006   Code   RO         1634    .ARM.Collect$$_printf_percent$$00000001  c_w.l(_printf_n.o)
    0x08000166   0x08000166   0x00000006   Code   RO         1636    .ARM.Collect$$_printf_percent$$00000002  c_w.l(_printf_p.o)
    0x0800016c   0x0800016c   0x00000006   Code   RO         1641    .ARM.Collect$$_printf_percent$$00000003  c_w.l(_printf_f.o)
    0x08000172   0x08000172   0x00000006   Code   RO         1642    .ARM.Collect$$_printf_percent$$00000004  c_w.l(_printf_e.o)
    0x08000178   0x08000178   0x00000006   Code   RO         1643    .ARM.Collect$$_printf_percent$$00000005  c_w.l(_printf_g.o)
    0x0800017e   0x0800017e   0x00000006   Code   RO         1644    .ARM.Collect$$_printf_percent$$00000006  c_w.l(_printf_a.o)
    0x08000184   0x08000184   0x0000000a   Code   RO         1649    .ARM.Collect$$_printf_percent$$00000007  c_w.l(_printf_ll.o)
    0x0800018e   0x0800018e   0x00000006   Code   RO         1638    .ARM.Collect$$_printf_percent$$00000008  c_w.l(_printf_i.o)
    0x08000194   0x08000194   0x00000006   Code   RO         1639    .ARM.Collect$$_printf_percent$$00000009  c_w.l(_printf_d.o)
    0x0800019a   0x0800019a   0x00000006   Code   RO         1640    .ARM.Collect$$_printf_percent$$0000000A  c_w.l(_printf_u.o)
    0x080001a0   0x080001a0   0x00000006   Code   RO         1637    .ARM.Collect$$_printf_percent$$0000000B  c_w.l(_printf_o.o)
    0x080001a6   0x080001a6   0x00000006   Code   RO         1635    .ARM.Collect$$_printf_percent$$0000000C  c_w.l(_printf_x.o)
    0x080001ac   0x080001ac   0x00000006   Code   RO         1646    .ARM.Collect$$_printf_percent$$0000000D  c_w.l(_printf_lli.o)
    0x080001b2   0x080001b2   0x00000006   Code   RO         1647    .ARM.Collect$$_printf_percent$$0000000E  c_w.l(_printf_lld.o)
    0x080001b8   0x080001b8   0x00000006   Code   RO         1648    .ARM.Collect$$_printf_percent$$0000000F  c_w.l(_printf_llu.o)
    0x080001be   0x080001be   0x00000006   Code   RO         1653    .ARM.Collect$$_printf_percent$$00000010  c_w.l(_printf_llo.o)
    0x080001c4   0x080001c4   0x00000006   Code   RO         1654    .ARM.Collect$$_printf_percent$$00000011  c_w.l(_printf_llx.o)
    0x080001ca   0x080001ca   0x0000000a   Code   RO         1650    .ARM.Collect$$_printf_percent$$00000012  c_w.l(_printf_l.o)
    0x080001d4   0x080001d4   0x00000006   Code   RO         1632    .ARM.Collect$$_printf_percent$$00000013  c_w.l(_printf_c.o)
    0x080001da   0x080001da   0x00000006   Code   RO         1633    .ARM.Collect$$_printf_percent$$00000014  c_w.l(_printf_s.o)
    0x080001e0   0x080001e0   0x00000006   Code   RO         1651    .ARM.Collect$$_printf_percent$$00000015  c_w.l(_printf_lc.o)
    0x080001e6   0x080001e6   0x00000006   Code   RO         1652    .ARM.Collect$$_printf_percent$$00000016  c_w.l(_printf_ls.o)
    0x080001ec   0x080001ec   0x00000004   Code   RO         1806    .ARM.Collect$$_printf_percent$$00000017  c_w.l(_printf_percent_end.o)
    0x080001f0   0x080001f0   0x00000002   Code   RO         1887    .ARM.Collect$$libinit$$00000000  c_w.l(libinit.o)
    0x080001f2   0x080001f2   0x00000000   Code   RO         1662    .ARM.Collect$$libinit$$00000002  c_w.l(libinit2.o)
    0x080001f2   0x080001f2   0x00000000   Code   RO         1664    .ARM.Collect$$libinit$$00000004  c_w.l(libinit2.o)
    0x080001f2   0x080001f2   0x00000000   Code   RO         1666    .ARM.Collect$$libinit$$00000006  c_w.l(libinit2.o)
    0x080001f2   0x080001f2   0x00000008   Code   RO         1667    .ARM.Collect$$libinit$$00000007  c_w.l(libinit2.o)
    0x080001fa   0x080001fa   0x00000000   Code   RO         1669    .ARM.Collect$$libinit$$0000000C  c_w.l(libinit2.o)
    0x080001fa   0x080001fa   0x00000000   Code   RO         1671    .ARM.Collect$$libinit$$0000000E  c_w.l(libinit2.o)
    0x080001fa   0x080001fa   0x00000000   Code   RO         1673    .ARM.Collect$$libinit$$00000010  c_w.l(libinit2.o)
    0x080001fa   0x080001fa   0x00000006   Code   RO         1674    .ARM.Collect$$libinit$$00000011  c_w.l(libinit2.o)
    0x08000200   0x08000200   0x00000000   Code   RO         1676    .ARM.Collect$$libinit$$00000013  c_w.l(libinit2.o)
    0x08000200   0x08000200   0x0000000c   Code   RO         1677    .ARM.Collect$$libinit$$00000014  c_w.l(libinit2.o)
    0x0800020c   0x0800020c   0x00000000   Code   RO         1678    .ARM.Collect$$libinit$$00000015  c_w.l(libinit2.o)
    0x0800020c   0x0800020c   0x00000000   Code   RO         1680    .ARM.Collect$$libinit$$00000017  c_w.l(libinit2.o)
    0x0800020c   0x0800020c   0x0000000a   Code   RO         1681    .ARM.Collect$$libinit$$00000018  c_w.l(libinit2.o)
    0x08000216   0x08000216   0x00000000   Code   RO         1682    .ARM.Collect$$libinit$$00000019  c_w.l(libinit2.o)
    0x08000216   0x08000216   0x00000000   Code   RO         1684    .ARM.Collect$$libinit$$0000001B  c_w.l(libinit2.o)
    0x08000216   0x08000216   0x00000000   Code   RO         1686    .ARM.Collect$$libinit$$0000001D  c_w.l(libinit2.o)
    0x08000216   0x08000216   0x00000000   Code   RO         1688    .ARM.Collect$$libinit$$0000001F  c_w.l(libinit2.o)
    0x08000216   0x08000216   0x00000000   Code   RO         1690    .ARM.Collect$$libinit$$00000021  c_w.l(libinit2.o)
    0x08000216   0x08000216   0x00000000   Code   RO         1692    .ARM.Collect$$libinit$$00000023  c_w.l(libinit2.o)
    0x08000216   0x08000216   0x00000000   Code   RO         1694    .ARM.Collect$$libinit$$00000025  c_w.l(libinit2.o)
    0x08000216   0x08000216   0x00000000   Code   RO         1696    .ARM.Collect$$libinit$$00000027  c_w.l(libinit2.o)
    0x08000216   0x08000216   0x00000000   Code   RO         1700    .ARM.Collect$$libinit$$0000002E  c_w.l(libinit2.o)
    0x08000216   0x08000216   0x00000000   Code   RO         1702    .ARM.Collect$$libinit$$00000030  c_w.l(libinit2.o)
    0x08000216   0x08000216   0x00000000   Code   RO         1704    .ARM.Collect$$libinit$$00000032  c_w.l(libinit2.o)
    0x08000216   0x08000216   0x00000000   Code   RO         1706    .ARM.Collect$$libinit$$00000034  c_w.l(libinit2.o)
    0x08000216   0x08000216   0x00000002   Code   RO         1707    .ARM.Collect$$libinit$$00000035  c_w.l(libinit2.o)
    0x08000218   0x08000218   0x00000002   Code   RO         1966    .ARM.Collect$$libshutdown$$00000000  c_w.l(libshutdown.o)
    0x0800021a   0x0800021a   0x00000000   Code   RO         1916    .ARM.Collect$$libshutdown$$00000002  c_w.l(libshutdown2.o)
    0x0800021a   0x0800021a   0x00000000   Code   RO         1918    .ARM.Collect$$libshutdown$$00000004  c_w.l(libshutdown2.o)
    0x0800021a   0x0800021a   0x00000000   Code   RO         1921    .ARM.Collect$$libshutdown$$00000007  c_w.l(libshutdown2.o)
    0x0800021a   0x0800021a   0x00000000   Code   RO         1924    .ARM.Collect$$libshutdown$$0000000A  c_w.l(libshutdown2.o)
    0x0800021a   0x0800021a   0x00000000   Code   RO         1926    .ARM.Collect$$libshutdown$$0000000C  c_w.l(libshutdown2.o)
    0x0800021a   0x0800021a   0x00000000   Code   RO         1929    .ARM.Collect$$libshutdown$$0000000F  c_w.l(libshutdown2.o)
    0x0800021a   0x0800021a   0x00000002   Code   RO         1930    .ARM.Collect$$libshutdown$$00000010  c_w.l(libshutdown2.o)
    0x0800021c   0x0800021c   0x00000000   Code   RO         1532    .ARM.Collect$$rtentry$$00000000  c_w.l(__rtentry.o)
    0x0800021c   0x0800021c   0x00000000   Code   RO         1762    .ARM.Collect$$rtentry$$00000002  c_w.l(__rtentry2.o)
    0x0800021c   0x0800021c   0x00000006   Code   RO         1774    .ARM.Collect$$rtentry$$00000004  c_w.l(__rtentry4.o)
    0x08000222   0x08000222   0x00000000   Code   RO         1764    .ARM.Collect$$rtentry$$00000009  c_w.l(__rtentry2.o)
    0x08000222   0x08000222   0x00000004   Code   RO         1765    .ARM.Collect$$rtentry$$0000000A  c_w.l(__rtentry2.o)
    0x08000226   0x08000226   0x00000000   Code   RO         1767    .ARM.Collect$$rtentry$$0000000C  c_w.l(__rtentry2.o)
    0x08000226   0x08000226   0x00000008   Code   RO         1768    .ARM.Collect$$rtentry$$0000000D  c_w.l(__rtentry2.o)
    0x0800022e   0x0800022e   0x00000002   Code   RO         1898    .ARM.Collect$$rtexit$$00000000  c_w.l(rtexit.o)
    0x08000230   0x08000230   0x00000000   Code   RO         1938    .ARM.Collect$$rtexit$$00000002  c_w.l(rtexit2.o)
    0x08000230   0x08000230   0x00000004   Code   RO         1939    .ARM.Collect$$rtexit$$00000003  c_w.l(rtexit2.o)
    0x08000234   0x08000234   0x00000006   Code   RO         1940    .ARM.Collect$$rtexit$$00000004  c_w.l(rtexit2.o)
    0x0800023a   0x0800023a   0x00000002   PAD
    0x0800023c   0x0800023c   0x00000040   Code   RO            4    .text               startup_stm32f103xb.o
    0x0800027c   0x0800027c   0x00000028   Code   RO         1427    .text               c_w.l(calloc.o)
    0x080002a4   0x080002a4   0x0000005e   Code   RO         1429    .text               c_w.l(h1_alloc.o)
    0x08000302   0x08000302   0x00000002   PAD
    0x08000304   0x08000304   0x0000002c   Code   RO         1483    .text               c_w.l(sprintf.o)
    0x08000330   0x08000330   0x00000048   Code   RO         1485    .text               c_w.l(strcpy.o)
    0x08000378   0x08000378   0x0000003e   Code   RO         1487    .text               c_w.l(strlen.o)
    0x080003b6   0x080003b6   0x0000004e   Code   RO         1489    .text               c_w.l(rt_memclr_w.o)
    0x08000404   0x08000404   0x00000006   Code   RO         1491    .text               c_w.l(heapauxi.o)
    0x0800040a   0x0800040a   0x00000002   PAD
    0x0800040c   0x0800040c   0x00000008   Code   RO         1536    .text               c_w.l(rt_heap_descriptor_intlibspace.o)
    0x08000414   0x08000414   0x00000004   Code   RO         1538    .text               c_w.l(hguard.o)
    0x08000418   0x08000418   0x0000008a   Code   RO         1540    .text               c_w.l(init_alloc.o)
    0x080004a2   0x080004a2   0x0000000e   Code   RO         1546    .text               c_w.l(h1_init.o)
    0x080004b0   0x080004b0   0x0000004e   Code   RO         1548    .text               c_w.l(h1_free.o)
    0x080004fe   0x080004fe   0x00000016   Code   RO         1562    .text               c_w.l(_rserrno.o)
    0x08000514   0x08000514   0x0000004e   Code   RO         1566    .text               c_w.l(_printf_pad.o)
    0x08000562   0x08000562   0x00000024   Code   RO         1568    .text               c_w.l(_printf_truncate.o)
    0x08000586   0x08000586   0x00000052   Code   RO         1570    .text               c_w.l(_printf_str.o)
    0x080005d8   0x080005d8   0x00000078   Code   RO         1572    .text               c_w.l(_printf_dec.o)
    0x08000650   0x08000650   0x00000028   Code   RO         1574    .text               c_w.l(_printf_charcount.o)
    0x08000678   0x08000678   0x00000030   Code   RO         1576    .text               c_w.l(_printf_char_common.o)
    0x080006a8   0x080006a8   0x0000000a   Code   RO         1578    .text               c_w.l(_sputc.o)
    0x080006b2   0x080006b2   0x00000002   PAD
    0x080006b4   0x080006b4   0x000000bc   Code   RO         1580    .text               c_w.l(_printf_wctomb.o)
    0x08000770   0x08000770   0x0000007c   Code   RO         1583    .text               c_w.l(_printf_longlong_dec.o)
    0x080007ec   0x080007ec   0x00000070   Code   RO         1589    .text               c_w.l(_printf_oct_int_ll.o)
    0x0800085c   0x0800085c   0x00000094   Code   RO         1609    .text               c_w.l(_printf_hex_int_ll_ptr.o)
    0x080008f0   0x080008f0   0x00000188   Code   RO         1629    .text               c_w.l(__printf_flags_ss_wp.o)
    0x08000a78   0x08000a78   0x00000044   Code   RO         1657    .text               c_w.l(rt_memclr.o)
    0x08000abc   0x08000abc   0x00000008   Code   RO         1758    .text               c_w.l(libspace.o)
    0x08000ac4   0x08000ac4   0x00000008   Code   RO         1779    .text               c_w.l(rt_errno_addr_intlibspace.o)
    0x08000acc   0x08000acc   0x00000000   Code   RO         1783    .text               c_w.l(maybetermalloc1.o)
    0x08000acc   0x08000acc   0x00000034   Code   RO         1785    .text               c_w.l(h1_extend.o)
    0x08000b00   0x08000b00   0x0000008a   Code   RO         1789    .text               c_w.l(lludiv10.o)
    0x08000b8a   0x08000b8a   0x000000b2   Code   RO         1791    .text               c_w.l(_printf_intcommon.o)
    0x08000c3c   0x08000c3c   0x0000041c   Code   RO         1793    .text               c_w.l(_printf_fp_dec.o)
    0x08001058   0x08001058   0x000002fc   Code   RO         1797    .text               c_w.l(_printf_fp_hex.o)
    0x08001354   0x08001354   0x0000002c   Code   RO         1802    .text               c_w.l(_printf_char.o)
    0x08001380   0x08001380   0x0000002c   Code   RO         1804    .text               c_w.l(_printf_wchar.o)
    0x080013ac   0x080013ac   0x00000048   Code   RO         1807    .text               c_w.l(_c16rtomb.o)
    0x080013f4   0x080013f4   0x0000000e   Code   RO         1809    .text               c_w.l(defsig_rtmem_outer.o)
    0x08001402   0x08001402   0x00000002   Code   RO         1824    .text               c_w.l(use_no_semi.o)
    0x08001404   0x08001404   0x00000000   Code   RO         1826    .text               c_w.l(indicate_semi.o)
    0x08001404   0x08001404   0x0000004a   Code   RO         1827    .text               c_w.l(sys_stackheap_outer.o)
    0x0800144e   0x0800144e   0x00000002   PAD
    0x08001450   0x08001450   0x00000010   Code   RO         1829    .text               c_w.l(rt_ctype_table.o)
    0x08001460   0x08001460   0x00000008   Code   RO         1836    .text               c_w.l(rt_locale_intlibspace.o)
    0x08001468   0x08001468   0x00000080   Code   RO         1840    .text               c_w.l(_printf_fp_infnan.o)
    0x080014e8   0x080014e8   0x000000e4   Code   RO         1842    .text               c_w.l(bigflt0.o)
    0x080015cc   0x080015cc   0x00000012   Code   RO         1872    .text               c_w.l(exit.o)
    0x080015de   0x080015de   0x0000000a   Code   RO         1874    .text               c_w.l(defsig_exit.o)
    0x080015e8   0x080015e8   0x00000050   Code   RO         1876    .text               c_w.l(defsig_rtmem_inner.o)
    0x08001638   0x08001638   0x0000000c   Code   RO         1894    .text               c_w.l(sys_exit.o)
    0x08001644   0x08001644   0x00000032   Code   RO         1911    .text               c_w.l(defsig_general.o)
    0x08001676   0x08001676   0x00000002   PAD
    0x08001678   0x08001678   0x00000080   Code   RO         1913    .text               c_w.l(strcmpv7m.o)
    0x080016f8   0x080016f8   0x0000000e   Code   RO         1933    .text               c_w.l(sys_wrch.o)
    0x08001706   0x08001706   0x00000002   PAD
    0x08001708   0x08001708   0x00000082   Code   RO          163    .text.ADC_ConversionStop_Disable  stm32f1xx_hal_adc.o
    0x0800178a   0x0800178a   0x00000002   PAD
    0x0800178c   0x0800178c   0x00000078   Code   RO          185    .text.ADC_DMAConvCplt  stm32f1xx_hal_adc.o
    0x08001804   0x08001804   0x0000002a   Code   RO          189    .text.ADC_DMAError  stm32f1xx_hal_adc.o
    0x0800182e   0x0800182e   0x00000002   PAD
    0x08001830   0x08001830   0x00000016   Code   RO          187    .text.ADC_DMAHalfConvCplt  stm32f1xx_hal_adc.o
    0x08001846   0x08001846   0x00000002   PAD
    0x08001848   0x08001848   0x000000bc   Code   RO          171    .text.ADC_Enable    stm32f1xx_hal_adc.o
    0x08001904   0x08001904   0x00000040   Code   RO         1414    .text.BH1750_convert  bh1750.o
    0x08001944   0x08001944   0x00000018   Code   RO         1406    .text.BH1750_get_lumen  bh1750.o
    0x0800195c   0x0800195c   0x00000024   Code   RO         1410    .text.BH1750_init_dev  bh1750.o
    0x08001980   0x08001980   0x0000008a   Code   RO         1408    .text.BH1750_init_dev_struct  bh1750.o
    0x08001a0a   0x08001a0a   0x00000002   PAD
    0x08001a0c   0x08001a0c   0x00000010   Code   RO         1404    .text.BH1750_poll_self  bh1750.o
    0x08001a1c   0x08001a1c   0x00000038   Code   RO         1412    .text.BH1750_read_dev  bh1750.o
    0x08001a54   0x08001a54   0x0000003c   Code   RO         1402    .text.BH1750_send_command  bh1750.o
    0x08001a90   0x08001a90   0x00000004   Code   RO           90    .text.BusFault_Handler  stm32f1xx_it.o
    0x08001a94   0x08001a94   0x0000005c   Code   RO           31    .text.Control       main.o
    0x08001af0   0x08001af0   0x00000010   Code   RO         1267    .text.DELAY_TIM_Init  delay_timer.o
    0x08001b00   0x08001b00   0x00000028   Code   RO         1269    .text.DELAY_TIM_Us  delay_timer.o
    0x08001b28   0x08001b28   0x00000012   Code   RO         1282    .text.DHT_DelayInit  dht.o
    0x08001b3a   0x08001b3a   0x00000002   PAD
    0x08001b3c   0x08001b3c   0x0000001a   Code   RO         1294    .text.DHT_DelayUs   dht.o
    0x08001b56   0x08001b56   0x00000002   PAD
    0x08001b58   0x08001b58   0x00000060   Code   RO         1280    .text.DHT_Init      dht.o
    0x08001bb8   0x08001bb8   0x00000154   Code   RO         1288    .text.DHT_Read      dht.o
    0x08001d0c   0x08001d0c   0x0000001c   Code   RO         1298    .text.DHT_ReadPin   dht.o
    0x08001d28   0x08001d28   0x000000e4   Code   RO         1284    .text.DHT_ReadTempHum  dht.o
    0x08001e0c   0x08001e0c   0x0000002a   Code   RO         1296    .text.DHT_SetPinIn  dht.o
    0x08001e36   0x08001e36   0x00000002   PAD
    0x08001e38   0x08001e38   0x0000002c   Code   RO         1290    .text.DHT_SetPinOut  dht.o
    0x08001e64   0x08001e64   0x000000e0   Code   RO         1286    .text.DHT_Start     dht.o
    0x08001f44   0x08001f44   0x0000001c   Code   RO         1292    .text.DHT_WritePin  dht.o
    0x08001f60   0x08001f60   0x00000010   Code   RO          110    .text.DMA1_Channel1_IRQHandler  stm32f1xx_it.o
    0x08001f70   0x08001f70   0x00000050   Code   RO          396    .text.DMA_SetConfig  stm32f1xx_hal_dma.o
    0x08001fc0   0x08001fc0   0x00000002   Code   RO           96    .text.DebugMon_Handler  stm32f1xx_it.o
    0x08001fc2   0x08001fc2   0x00000002   PAD
    0x08001fc4   0x08001fc4   0x00000112   Code   RO         1386    .text.EEPROM_Read   eeprom.o
    0x080020d6   0x080020d6   0x00000002   PAD
    0x080020d8   0x080020d8   0x00000118   Code   RO         1376    .text.EEPROM_Write  eeprom.o
    0x080021f0   0x080021f0   0x0000000c   Code   RO          112    .text.EXTI15_10_IRQHandler  stm32f1xx_it.o
    0x080021fc   0x080021fc   0x0000000a   Code   RO          102    .text.EXTI1_IRQHandler  stm32f1xx_it.o
    0x08002206   0x08002206   0x00000002   PAD
    0x08002208   0x08002208   0x0000000a   Code   RO          104    .text.EXTI2_IRQHandler  stm32f1xx_it.o
    0x08002212   0x08002212   0x00000002   PAD
    0x08002214   0x08002214   0x0000000a   Code   RO          106    .text.EXTI3_IRQHandler  stm32f1xx_it.o
    0x0800221e   0x0800221e   0x00000002   PAD
    0x08002220   0x08002220   0x0000000a   Code   RO          108    .text.EXTI4_IRQHandler  stm32f1xx_it.o
    0x0800222a   0x0800222a   0x00000002   PAD
    0x0800222c   0x0800222c   0x0000000e   Code   RO           29    .text.Error_Handler  main.o
    0x0800223a   0x0800223a   0x00000002   PAD
    0x0800223c   0x0800223c   0x000001b4   Code   RO          205    .text.HAL_ADC_ConfigChannel  stm32f1xx_hal_adc.o
    0x080023f0   0x080023f0   0x00000008   Code   RO          197    .text.HAL_ADC_ConvCpltCallback  stm32f1xx_hal_adc.o
    0x080023f8   0x080023f8   0x00000008   Code   RO          201    .text.HAL_ADC_ConvHalfCpltCallback  stm32f1xx_hal_adc.o
    0x08002400   0x08002400   0x00000008   Code   RO          203    .text.HAL_ADC_ErrorCallback  stm32f1xx_hal_adc.o
    0x08002408   0x08002408   0x00000212   Code   RO          159    .text.HAL_ADC_Init  stm32f1xx_hal_adc.o
    0x0800261a   0x0800261a   0x00000002   PAD
    0x0800261c   0x0800261c   0x000000ca   Code   RO          123    .text.HAL_ADC_MspInit  stm32f1xx_hal_msp.o
    0x080026e6   0x080026e6   0x00000002   PAD
    0x080026e8   0x080026e8   0x00000226   Code   RO          183    .text.HAL_ADC_Start_DMA  stm32f1xx_hal_adc.o
    0x0800290e   0x0800290e   0x00000002   PAD
    0x08002910   0x08002910   0x00000286   Code   RO          406    .text.HAL_DMA_IRQHandler  stm32f1xx_hal_dma.o
    0x08002b96   0x08002b96   0x00000002   PAD
    0x08002b98   0x08002b98   0x000000ae   Code   RO          390    .text.HAL_DMA_Init  stm32f1xx_hal_dma.o
    0x08002c46   0x08002c46   0x00000002   PAD
    0x08002c48   0x08002c48   0x000000ca   Code   RO          398    .text.HAL_DMA_Start_IT  stm32f1xx_hal_dma.o
    0x08002d12   0x08002d12   0x00000002   PAD
    0x08002d14   0x08002d14   0x00000042   Code   RO          273    .text.HAL_Delay     stm32f1xx_hal.o
    0x08002d56   0x08002d56   0x00000002   PAD
    0x08002d58   0x08002d58   0x000002f6   Code   RO           33    .text.HAL_GPIO_EXTI_Callback  main.o
    0x0800304e   0x0800304e   0x00000002   PAD
    0x08003050   0x08003050   0x00000038   Code   RO          379    .text.HAL_GPIO_EXTI_IRQHandler  stm32f1xx_hal_gpio.o
    0x08003088   0x08003088   0x0000031e   Code   RO          367    .text.HAL_GPIO_Init  stm32f1xx_hal_gpio.o
    0x080033a6   0x080033a6   0x00000002   PAD
    0x080033a8   0x080033a8   0x0000002e   Code   RO          371    .text.HAL_GPIO_ReadPin  stm32f1xx_hal_gpio.o
    0x080033d6   0x080033d6   0x00000002   PAD
    0x080033d8   0x080033d8   0x00000026   Code   RO          375    .text.HAL_GPIO_TogglePin  stm32f1xx_hal_gpio.o
    0x080033fe   0x080033fe   0x00000002   PAD
    0x08003400   0x08003400   0x0000002e   Code   RO          373    .text.HAL_GPIO_WritePin  stm32f1xx_hal_gpio.o
    0x0800342e   0x0800342e   0x00000002   PAD
    0x08003430   0x08003430   0x0000000c   Code   RO          265    .text.HAL_GetTick   stm32f1xx_hal.o
    0x0800343c   0x0800343c   0x000002a4   Code   RO          631    .text.HAL_I2C_Init  stm32f1xx_hal_i2c.o
    0x080036e0   0x080036e0   0x000004a4   Code   RO          649    .text.HAL_I2C_Master_Receive  stm32f1xx_hal_i2c.o
    0x08003b84   0x08003b84   0x00000208   Code   RO          639    .text.HAL_I2C_Master_Transmit  stm32f1xx_hal_i2c.o
    0x08003d8c   0x08003d8c   0x000004c6   Code   RO          685    .text.HAL_I2C_Mem_Read  stm32f1xx_hal_i2c.o
    0x08004252   0x08004252   0x00000002   PAD
    0x08004254   0x08004254   0x00000210   Code   RO          681    .text.HAL_I2C_Mem_Write  stm32f1xx_hal_i2c.o
    0x08004464   0x08004464   0x0000007e   Code   RO          127    .text.HAL_I2C_MspInit  stm32f1xx_hal_msp.o
    0x080044e2   0x080044e2   0x00000002   PAD
    0x080044e4   0x080044e4   0x0000001a   Code   RO          263    .text.HAL_IncTick   stm32f1xx_hal.o
    0x080044fe   0x080044fe   0x00000002   PAD
    0x08004500   0x08004500   0x00000026   Code   RO          253    .text.HAL_Init      stm32f1xx_hal.o
    0x08004526   0x08004526   0x00000002   PAD
    0x08004528   0x08004528   0x00000070   Code   RO          255    .text.HAL_InitTick  stm32f1xx_hal.o
    0x08004598   0x08004598   0x00000064   Code   RO          121    .text.HAL_MspInit   stm32f1xx_hal_msp.o
    0x080045fc   0x080045fc   0x00000014   Code   RO          435    .text.HAL_NVIC_EnableIRQ  stm32f1xx_hal_cortex.o
    0x08004610   0x08004610   0x00000032   Code   RO          427    .text.HAL_NVIC_SetPriority  stm32f1xx_hal_cortex.o
    0x08004642   0x08004642   0x00000002   PAD
    0x08004644   0x08004644   0x00000010   Code   RO          423    .text.HAL_NVIC_SetPriorityGrouping  stm32f1xx_hal_cortex.o
    0x08004654   0x08004654   0x000001c8   Code   RO          352    .text.HAL_RCCEx_PeriphCLKConfig  stm32f1xx_hal_rcc_ex.o
    0x0800481c   0x0800481c   0x00000256   Code   RO          319    .text.HAL_RCC_ClockConfig  stm32f1xx_hal_rcc.o
    0x08004a72   0x08004a72   0x00000002   PAD
    0x08004a74   0x08004a74   0x0000000c   Code   RO          329    .text.HAL_RCC_GetHCLKFreq  stm32f1xx_hal_rcc.o
    0x08004a80   0x08004a80   0x00000022   Code   RO          331    .text.HAL_RCC_GetPCLK1Freq  stm32f1xx_hal_rcc.o
    0x08004aa2   0x08004aa2   0x00000002   PAD
    0x08004aa4   0x08004aa4   0x000000e4   Code   RO          321    .text.HAL_RCC_GetSysClockFreq  stm32f1xx_hal_rcc.o
    0x08004b88   0x08004b88   0x0000067a   Code   RO          315    .text.HAL_RCC_OscConfig  stm32f1xx_hal_rcc.o
    0x08005202   0x08005202   0x00000002   PAD
    0x08005204   0x08005204   0x0000000e   Code   RO          898    .text.HAL_SPI_GetState  stm32f1xx_hal_spi.o
    0x08005212   0x08005212   0x00000002   PAD
    0x08005214   0x08005214   0x000000f8   Code   RO          800    .text.HAL_SPI_Init  stm32f1xx_hal_spi.o
    0x0800530c   0x0800530c   0x00000094   Code   RO          131    .text.HAL_SPI_MspInit  stm32f1xx_hal_msp.o
    0x080053a0   0x080053a0   0x00000230   Code   RO          812    .text.HAL_SPI_Receive  stm32f1xx_hal_spi.o
    0x080055d0   0x080055d0   0x00000284   Code   RO          808    .text.HAL_SPI_Transmit  stm32f1xx_hal_spi.o
    0x08005854   0x08005854   0x00000366   Code   RO          814    .text.HAL_SPI_TransmitReceive  stm32f1xx_hal_spi.o
    0x08005bba   0x08005bba   0x00000002   PAD
    0x08005bbc   0x08005bbc   0x00000010   Code   RO          447    .text.HAL_SYSTICK_Config  stm32f1xx_hal_cortex.o
    0x08005bcc   0x08005bcc   0x000000dc   Code   RO         1230    .text.HAL_TIMEx_MasterConfigSynchronization  stm32f1xx_hal_tim_ex.o
    0x08005ca8   0x08005ca8   0x0000009c   Code   RO          917    .text.HAL_TIM_Base_Init  stm32f1xx_hal_tim.o
    0x08005d44   0x08005d44   0x0000003a   Code   RO          135    .text.HAL_TIM_Base_MspInit  stm32f1xx_hal_msp.o
    0x08005d7e   0x08005d7e   0x00000002   PAD
    0x08005d80   0x08005d80   0x000000a4   Code   RO          927    .text.HAL_TIM_Base_Start  stm32f1xx_hal_tim.o
    0x08005e24   0x08005e24   0x00000176   Code   RO         1109    .text.HAL_TIM_ConfigClockSource  stm32f1xx_hal_tim.o
    0x08005f9a   0x08005f9a   0x00000002   PAD
    0x08005f9c   0x08005f9c   0x00000004   Code   RO           86    .text.HardFault_Handler  stm32f1xx_it.o
    0x08005fa0   0x08005fa0   0x00000064   Code   RO          791    .text.I2C_IsAcknowledgeFailed  stm32f1xx_hal_i2c.o
    0x08006004   0x08006004   0x000001aa   Code   RO          651    .text.I2C_MasterRequestRead  stm32f1xx_hal_i2c.o
    0x080061ae   0x080061ae   0x00000002   PAD
    0x080061b0   0x080061b0   0x00000112   Code   RO          643    .text.I2C_MasterRequestWrite  stm32f1xx_hal_i2c.o
    0x080062c2   0x080062c2   0x00000002   PAD
    0x080062c4   0x080062c4   0x000001e2   Code   RO          687    .text.I2C_RequestMemoryRead  stm32f1xx_hal_i2c.o
    0x080064a6   0x080064a6   0x00000002   PAD
    0x080064a8   0x080064a8   0x0000013a   Code   RO          683    .text.I2C_RequestMemoryWrite  stm32f1xx_hal_i2c.o
    0x080065e2   0x080065e2   0x00000002   PAD
    0x080065e4   0x080065e4   0x00000096   Code   RO          647    .text.I2C_WaitOnBTFFlagUntilTimeout  stm32f1xx_hal_i2c.o
    0x0800667a   0x0800667a   0x00000002   PAD
    0x0800667c   0x0800667c   0x000000be   Code   RO          641    .text.I2C_WaitOnFlagUntilTimeout  stm32f1xx_hal_i2c.o
    0x0800673a   0x0800673a   0x00000002   PAD
    0x0800673c   0x0800673c   0x00000110   Code   RO          789    .text.I2C_WaitOnMasterAddressFlagUntilTimeout  stm32f1xx_hal_i2c.o
    0x0800684c   0x0800684c   0x000000c6   Code   RO          653    .text.I2C_WaitOnRXNEFlagUntilTimeout  stm32f1xx_hal_i2c.o
    0x08006912   0x08006912   0x00000002   PAD
    0x08006914   0x08006914   0x00000094   Code   RO          645    .text.I2C_WaitOnTXEFlagUntilTimeout  stm32f1xx_hal_i2c.o
    0x080069a8   0x080069a8   0x00000026   Code   RO           35    .text.LoRa_ACK      main.o
    0x080069ce   0x080069ce   0x00000002   PAD
    0x080069d0   0x080069d0   0x00000080   Code   RO         1352    .text.LoRa_BurstWrite  lora.o
    0x08006a50   0x08006a50   0x000000c6   Code   RO         1332    .text.LoRa_gotoMode  lora.o
    0x08006b16   0x08006b16   0x00000002   PAD
    0x08006b18   0x08006b18   0x0000014c   Code   RO         1364    .text.LoRa_init     lora.o
    0x08006c64   0x08006c64   0x0000000a   Code   RO         1354    .text.LoRa_isvalid  lora.o
    0x08006c6e   0x08006c6e   0x00000002   PAD
    0x08006c70   0x08006c70   0x00000032   Code   RO         1334    .text.LoRa_read     lora.o
    0x08006ca2   0x08006ca2   0x00000002   PAD
    0x08006ca4   0x08006ca4   0x0000007c   Code   RO         1338    .text.LoRa_readReg  lora.o
    0x08006d20   0x08006d20   0x000000e2   Code   RO         1360    .text.LoRa_receive  lora.o
    0x08006e02   0x08006e02   0x00000002   PAD
    0x08006e04   0x08006e04   0x00000062   Code   RO         1342    .text.LoRa_setFrequency  lora.o
    0x08006e66   0x08006e66   0x00000002   PAD
    0x08006e68   0x08006e68   0x000000a2   Code   RO         1348    .text.LoRa_setOCP   lora.o
    0x08006f0a   0x08006f0a   0x00000002   PAD
    0x08006f0c   0x08006f0c   0x00000020   Code   RO         1346    .text.LoRa_setPower  lora.o
    0x08006f2c   0x08006f2c   0x00000062   Code   RO         1344    .text.LoRa_setSpreadingFactor  lora.o
    0x08006f8e   0x08006f8e   0x00000002   PAD
    0x08006f90   0x08006f90   0x00000036   Code   RO         1350    .text.LoRa_setTOMsb_setCRCon  lora.o
    0x08006fc6   0x08006fc6   0x00000002   PAD
    0x08006fc8   0x08006fc8   0x00000012   Code   RO         1358    .text.LoRa_startReceiving  lora.o
    0x08006fda   0x08006fda   0x00000002   PAD
    0x08006fdc   0x08006fdc   0x000000be   Code   RO         1356    .text.LoRa_transmit  lora.o
    0x0800709a   0x0800709a   0x00000002   PAD
    0x0800709c   0x0800709c   0x00000038   Code   RO         1336    .text.LoRa_write    lora.o
    0x080070d4   0x080070d4   0x0000007c   Code   RO         1340    .text.LoRa_writeReg  lora.o
    0x08007150   0x08007150   0x00000068   Code   RO           19    .text.MX_ADC1_Init  main.o
    0x080071b8   0x080071b8   0x00000038   Code   RO           17    .text.MX_DMA_Init   main.o
    0x080071f0   0x080071f0   0x000001c0   Code   RO           15    .text.MX_GPIO_Init  main.o
    0x080073b0   0x080073b0   0x00000048   Code   RO           21    .text.MX_I2C1_Init  main.o
    0x080073f8   0x080073f8   0x0000004e   Code   RO           23    .text.MX_SPI1_Init  main.o
    0x08007446   0x08007446   0x00000002   PAD
    0x08007448   0x08007448   0x00000084   Code   RO           25    .text.MX_TIM4_Init  main.o
    0x080074cc   0x080074cc   0x00000004   Code   RO           88    .text.MemManage_Handler  stm32f1xx_it.o
    0x080074d0   0x080074d0   0x00000004   Code   RO           84    .text.NMI_Handler   stm32f1xx_it.o
    0x080074d4   0x080074d4   0x0000006c   Code   RO          433    .text.NVIC_EncodePriority  stm32f1xx_hal_cortex.o
    0x08007540   0x08007540   0x00000002   Code   RO           98    .text.PendSV_Handler  stm32f1xx_it.o
    0x08007542   0x08007542   0x00000002   PAD
    0x08007544   0x08007544   0x0000003a   Code   RO          317    .text.RCC_Delay     stm32f1xx_hal_rcc.o
    0x0800757e   0x0800757e   0x00000002   PAD
    0x08007580   0x08007580   0x000000d6   Code   RO           37    .text.Read_Eeprom   main.o
    0x08007656   0x08007656   0x00000002   PAD
    0x08007658   0x08007658   0x000000b8   Code   RO          816    .text.SPI_EndRxTransaction  stm32f1xx_hal_spi.o
    0x08007710   0x08007710   0x00000042   Code   RO          810    .text.SPI_EndRxTxTransaction  stm32f1xx_hal_spi.o
    0x08007752   0x08007752   0x00000002   PAD
    0x08007754   0x08007754   0x0000012a   Code   RO          908    .text.SPI_WaitFlagStateUntilTimeout  stm32f1xx_hal_spi.o
    0x0800787e   0x0800787e   0x00000002   PAD
    0x08007880   0x08007880   0x00000002   Code   RO           94    .text.SVC_Handler   stm32f1xx_it.o
    0x08007882   0x08007882   0x00000002   PAD
    0x08007884   0x08007884   0x00000052   Code   RO          449    .text.SysTick_Config  stm32f1xx_hal_cortex.o
    0x080078d6   0x080078d6   0x00000002   PAD
    0x080078d8   0x080078d8   0x00000008   Code   RO          100    .text.SysTick_Handler  stm32f1xx_it.o
    0x080078e0   0x080078e0   0x00000090   Code   RO           13    .text.SystemClock_Config  main.o
    0x08007970   0x08007970   0x00000002   Code   RO         1253    .text.SystemInit    system_stm32f1xx.o
    0x08007972   0x08007972   0x00000002   PAD
    0x08007974   0x08007974   0x000000f0   Code   RO          921    .text.TIM_Base_SetConfig  stm32f1xx_hal_tim.o
    0x08007a64   0x08007a64   0x00000034   Code   RO         1107    .text.TIM_ETR_SetConfig  stm32f1xx_hal_tim.o
    0x08007a98   0x08007a98   0x0000002a   Code   RO         1113    .text.TIM_ITRx_SetConfig  stm32f1xx_hal_tim.o
    0x08007ac2   0x08007ac2   0x00000002   PAD
    0x08007ac4   0x08007ac4   0x00000050   Code   RO         1111    .text.TIM_TI1_ConfigInputStage  stm32f1xx_hal_tim.o
    0x08007b14   0x08007b14   0x00000052   Code   RO         1115    .text.TIM_TI2_ConfigInputStage  stm32f1xx_hal_tim.o
    0x08007b66   0x08007b66   0x00000002   PAD
    0x08007b68   0x08007b68   0x00000004   Code   RO           92    .text.UsageFault_Handler  stm32f1xx_it.o
    0x08007b6c   0x08007b6c   0x000000cc   Code   RO           39    .text.Write_Eeprom  main.o
    0x08007c38   0x08007c38   0x00000030   Code   RO          437    .text.__NVIC_EnableIRQ  stm32f1xx_hal_cortex.o
    0x08007c68   0x08007c68   0x00000010   Code   RO          429    .text.__NVIC_GetPriorityGrouping  stm32f1xx_hal_cortex.o
    0x08007c78   0x08007c78   0x00000042   Code   RO          431    .text.__NVIC_SetPriority  stm32f1xx_hal_cortex.o
    0x08007cba   0x08007cba   0x00000002   PAD
    0x08007cbc   0x08007cbc   0x0000003c   Code   RO          425    .text.__NVIC_SetPriorityGrouping  stm32f1xx_hal_cortex.o
    0x08007cf8   0x08007cf8   0x0000003a   Code   RO         1374    .text.bytestowrite  eeprom.o
    0x08007d32   0x08007d32   0x00000002   PAD
    0x08007d34   0x08007d34   0x00000010   Code   RO         1313    .text.lcd_clear     i2c-lcd.o
    0x08007d44   0x08007d44   0x00000080   Code   RO         1317    .text.lcd_init      i2c-lcd.o
    0x08007dc4   0x08007dc4   0x0000006c   Code   RO         1309    .text.lcd_send_cmd  i2c-lcd.o
    0x08007e30   0x08007e30   0x0000006c   Code   RO         1311    .text.lcd_send_data  i2c-lcd.o
    0x08007e9c   0x08007e9c   0x00000022   Code   RO         1319    .text.lcd_send_string  i2c-lcd.o
    0x08007ebe   0x08007ebe   0x00000002   PAD
    0x08007ec0   0x08007ec0   0x00000902   Code   RO           11    .text.main          main.o
    0x080087c2   0x080087c2   0x00000002   PAD
    0x080087c4   0x080087c4   0x0000002a   Code   RO           27    .text.map_lcd       main.o
    0x080087ee   0x080087ee   0x00000002   PAD
    0x080087f0   0x080087f0   0x0000002a   Code   RO         1328    .text.newLoRa       lora.o
    0x0800881a   0x0800881a   0x0000003e   Code   RO         1845    CL$$btod_d2e        c_w.l(btod.o)
    0x08008858   0x08008858   0x00000046   Code   RO         1847    CL$$btod_d2e_denorm_low  c_w.l(btod.o)
    0x0800889e   0x0800889e   0x00000060   Code   RO         1846    CL$$btod_d2e_norm_op1  c_w.l(btod.o)
    0x080088fe   0x080088fe   0x00000002   PAD
    0x08008900   0x08008900   0x00000338   Code   RO         1855    CL$$btod_div_common  c_w.l(btod.o)
    0x08008c38   0x08008c38   0x000000dc   Code   RO         1852    CL$$btod_e2e        c_w.l(btod.o)
    0x08008d14   0x08008d14   0x0000002a   Code   RO         1849    CL$$btod_ediv       c_w.l(btod.o)
    0x08008d3e   0x08008d3e   0x0000002a   Code   RO         1848    CL$$btod_emul       c_w.l(btod.o)
    0x08008d68   0x08008d68   0x00000244   Code   RO         1854    CL$$btod_mult_common  c_w.l(btod.o)
    0x08008fac   0x08008fac   0x00000028   Code   RO         1892    i.__ARM_fpclassify  m_ws.l(fpclassify.o)
    0x08008fd4   0x08008fd4   0x000000aa   Code   RO         1751    i.__kernel_poly     m_ws.l(poly.o)
    0x0800907e   0x0800907e   0x00000002   PAD
    0x08009080   0x08009080   0x00000010   Code   RO         1737    i.__mathlib_dbl_divzero  m_ws.l(dunder.o)
    0x08009090   0x08009090   0x00000006   Code   RO         1738    i.__mathlib_dbl_infnan  m_ws.l(dunder.o)
    0x08009096   0x08009096   0x0000000c   Code   RO         1740    i.__mathlib_dbl_invalid  m_ws.l(dunder.o)
    0x080090a2   0x080090a2   0x0000000e   Code   RO         1622    i._is_digit         c_w.l(__printf_wp.o)
    0x080090b0   0x080090b0   0x0000035c   Code   RO         1526    i.log               m_ws.l(log.o)
    0x0800940c   0x0800940c   0x0000002c   Code   RO         1870    locale$$code        c_w.l(lc_numeric_c.o)
    0x08009438   0x08009438   0x0000002c   Code   RO         1907    locale$$code        c_w.l(lc_ctype_c.o)
    0x08009464   0x08009464   0x00000150   Code   RO         1708    x$fpl$dadd          fz_ws.l(daddsub_clz.o)
    0x080095b4   0x080095b4   0x00000010   Code   RO         1818    x$fpl$dcheck1       fz_ws.l(dcheck1.o)
    0x080095c4   0x080095c4   0x00000018   Code   RO         1820    x$fpl$dcmpinf       fz_ws.l(dcmpi.o)
    0x080095dc   0x080095dc   0x000002b4   Code   RO         1496    x$fpl$ddiv          fz_ws.l(ddiv.o)
    0x08009890   0x08009890   0x00000078   Code   RO         1714    x$fpl$deqf          fz_ws.l(deqf.o)
    0x08009908   0x08009908   0x0000005e   Code   RO         1499    x$fpl$dfix          fz_ws.l(dfix.o)
    0x08009966   0x08009966   0x0000002e   Code   RO         1504    x$fpl$dflt          fz_ws.l(dflt_clz.o)
    0x08009994   0x08009994   0x00000026   Code   RO         1503    x$fpl$dfltu         fz_ws.l(dflt_clz.o)
    0x080099ba   0x080099ba   0x00000002   PAD
    0x080099bc   0x080099bc   0x00000154   Code   RO         1716    x$fpl$dmul          fz_ws.l(dmul.o)
    0x08009b10   0x08009b10   0x0000009c   Code   RO         1718    x$fpl$dnaninf       fz_ws.l(dnaninf.o)
    0x08009bac   0x08009bac   0x0000000c   Code   RO         1720    x$fpl$dretinf       fz_ws.l(dretinf.o)
    0x08009bb8   0x08009bb8   0x00000016   Code   RO         1709    x$fpl$drsb          fz_ws.l(daddsub_clz.o)
    0x08009bce   0x08009bce   0x00000002   PAD
    0x08009bd0   0x08009bd0   0x000001dc   Code   RO         1710    x$fpl$dsub          fz_ws.l(daddsub_clz.o)
    0x08009dac   0x08009dac   0x000000c4   Code   RO         1509    x$fpl$fadd          fz_ws.l(faddsub_clz.o)
    0x08009e70   0x08009e70   0x00000036   Code   RO         1515    x$fpl$ffix          fz_ws.l(ffix.o)
    0x08009ea6   0x08009ea6   0x00000002   PAD
    0x08009ea8   0x08009ea8   0x00000030   Code   RO         1520    x$fpl$fflt          fz_ws.l(fflt_clz.o)
    0x08009ed8   0x08009ed8   0x00000026   Code   RO         1519    x$fpl$ffltu         fz_ws.l(fflt_clz.o)
    0x08009efe   0x08009efe   0x0000008c   Code   RO         1722    x$fpl$fnaninf       fz_ws.l(fnaninf.o)
    0x08009f8a   0x08009f8a   0x0000000a   Code   RO         1724    x$fpl$fretinf       fz_ws.l(fretinf.o)
    0x08009f94   0x08009f94   0x000000ea   Code   RO         1511    x$fpl$fsub          fz_ws.l(faddsub_clz.o)
    0x0800a07e   0x0800a07e   0x00000004   Code   RO         1726    x$fpl$printf1       fz_ws.l(printf1.o)
    0x0800a082   0x0800a082   0x00000004   Code   RO         1728    x$fpl$printf2       fz_ws.l(printf2.o)
    0x0800a086   0x0800a086   0x00000064   Code   RO         1890    x$fpl$retnan        fz_ws.l(retnan.o)
    0x0800a0ea   0x0800a0ea   0x0000005c   Code   RO         1734    x$fpl$scalbn        fz_ws.l(scalbn.o)
    0x0800a146   0x0800a146   0x00000030   Code   RO         1931    x$fpl$trapveneer    fz_ws.l(trapv.o)
    0x0800a176   0x0800a176   0x00000000   Code   RO         1736    x$fpl$usenofp       fz_ws.l(usenofp.o)
    0x0800a176   0x0800a176   0x00000002   PAD
    0x0800a178   0x0800a178   0x00000038   Data   RO         1527    .constdata          m_ws.l(log.o)
    0x0800a1b0   0x0800a1b0   0x00000008   Data   RO         1581    .constdata          c_w.l(_printf_wctomb.o)
    0x0800a1b8   0x0800a1b8   0x00000028   Data   RO         1610    .constdata          c_w.l(_printf_hex_int_ll_ptr.o)
    0x0800a1e0   0x0800a1e0   0x00000011   Data   RO         1630    .constdata          c_w.l(__printf_flags_ss_wp.o)
    0x0800a1f1   0x0800a1f1   0x00000007   PAD
    0x0800a1f8   0x0800a1f8   0x00000008   Data   RO         1753    .constdata          m_ws.l(qnan.o)
    0x0800a200   0x0800a200   0x00000026   Data   RO         1798    .constdata          c_w.l(_printf_fp_hex.o)
    0x0800a226   0x0800a226   0x00000002   PAD
    0x0800a228   0x0800a228   0x00000094   Data   RO         1843    .constdata          c_w.l(bigflt0.o)
    0x0800a2bc   0x0800a2bc   0x00000010   Data   RO         1258    .rodata.AHBPrescTable  system_stm32f1xx.o
    0x0800a2cc   0x0800a2cc   0x00000008   Data   RO         1259    .rodata.APBPrescTable  system_stm32f1xx.o
    0x0800a2d4   0x0800a2d4   0x00000067   Data   RO           61    .rodata.str1.1      main.o
    0x0800a33b   0x0800a33b   0x00000001   PAD
    0x0800a33c   0x0800a33c   0x00000020   Data   RO         1968    Region$$Table       anon$$obj.o
    0x0800a35c   0x0800a35c   0x0000001c   Data   RO         1869    locale$$data        c_w.l(lc_numeric_c.o)
    0x0800a378   0x0800a378   0x00000110   Data   RO         1906    locale$$data        c_w.l(lc_ctype_c.o)


    Execution Region RW_IRAM1 (Exec base: 0x20000000, Load base: 0x0800a488, Size: 0x00000958, Max: 0x00005000, ABSOLUTE)

    Exec Addr    Load Addr    Size         Type   Attr      Idx    E Section Name        Object

    0x20000000   0x0800a488   0x00000001   Data   RW           55    .data.HumiLower     main.o
    0x20000001   0x0800a489   0x00000001   Data   RW           59    .data.HumiSoilLower  main.o
    0x20000002   0x0800a48a   0x00000001   Data   RW           58    .data.HumiSoilUpper  main.o
    0x20000003   0x0800a48b   0x00000001   Data   RW           54    .data.HumiUpper     main.o
    0x20000004   0x0800a48c   0x00000002   Data   RW           57    .data.LuxLower      main.o
    0x20000006   0x0800a48e   0x00000001   Data   RW           47    .data.LuxLower_L    main.o
    0x20000007   0x0800a48f   0x00000001   PAD
    0x20000008   0x0800a490   0x00000002   Data   RW           56    .data.LuxUpper      main.o
    0x2000000a   0x0800a492   0x00000001   Data   RW           45    .data.LuxUpper_L    main.o
    0x2000000b   0x0800a493   0x00000001   PAD
    0x2000000c   0x0800a494   0x00000004   Data   RW         1257    .data.SystemCoreClock  system_stm32f1xx.o
    0x20000010   0x0800a498   0x00000001   Data   RW           53    .data.TempLower     main.o
    0x20000011   0x0800a499   0x00000001   Data   RW           52    .data.TempUpper     main.o
    0x20000012   0x0800a49a   0x00000001   Data   RW          304    .data.uwTickFreq    stm32f1xx_hal.o
    0x20000013   0x0800a49b   0x00000001   PAD
    0x20000014   0x0800a49c   0x00000004   Data   RW          303    .data.uwTickPrio    stm32f1xx_hal.o
    0x20000018        -       0x00000060   Zero   RW         1759    .bss                c_w.l(libspace.o)
    0x20000078        -       0x00000001   Zero   RW           48    .bss.Auto           main.o
    0x20000079        -       0x00000001   Zero   RW           49    .bss.Bump           main.o
    0x2000007a   0x0800a4a0   0x00000002   PAD
    0x2000007c        -       0x00000018   Zero   RW           62    .bss.DHT1           main.o
    0x20000094        -       0x0000000a   Zero   RW           74    .bss.EEPROM_Data    main.o
    0x2000009e        -       0x00000001   Zero   RW           50    .bss.Fan            main.o
    0x2000009f   0x0800a4a0   0x00000001   PAD
    0x200000a0        -       0x00000002   Zero   RW           73    .bss.HumiSoil       main.o
    0x200000a2        -       0x00000001   Zero   RW           51    .bss.Led            main.o
    0x200000a3        -       0x00000001   Zero   RW           41    .bss.LoRa_stat      main.o
    0x200000a4        -       0x00000002   Zero   RW           69    .bss.Lux            main.o
    0x200000a6        -       0x00000001   Zero   RW           46    .bss.LuxLower_H     main.o
    0x200000a7        -       0x00000001   Zero   RW           44    .bss.LuxUpper_H     main.o
    0x200000a8        -       0x00000001   Zero   RW           70    .bss.Lux_H          main.o
    0x200000a9        -       0x00000001   Zero   RW           71    .bss.Lux_L          main.o
    0x200000aa   0x0800a4a0   0x00000002   PAD
    0x200000ac        -       0x00000004   Zero   RW           65    .bss.buffer         main.o
    0x200000b0        -       0x00000004   Zero   RW         1301    .bss.cMillis        dht.o
    0x200000b4        -       0x00000001   Zero   RW           43    .bss.flgLoRa        main.o
    0x200000b5   0x0800a4a0   0x00000003   PAD
    0x200000b8        -       0x00000030   Zero   RW           64    .bss.hadc1          main.o
    0x200000e8        -       0x00000044   Zero   RW           75    .bss.hdma_adc1      main.o
    0x2000012c        -       0x00000054   Zero   RW           60    .bss.hi2c1          main.o
    0x20000180        -       0x00000058   Zero   RW           67    .bss.hspi1          main.o
    0x200001d8        -       0x00000048   Zero   RW           63    .bss.htim4          main.o
    0x20000220        -       0x0000002c   Zero   RW           66    .bss.myLoRa         main.o
    0x2000024c        -       0x00000004   Zero   RW         1300    .bss.pMillis        dht.o
    0x20000250        -       0x00000001   Zero   RW           42    .bss.packet_size    main.o
    0x20000251        -       0x00000080   Zero   RW           68    .bss.receive_data   main.o
    0x200002d1        -       0x00000080   Zero   RW           72    .bss.transmit_data  main.o
    0x20000351   0x0800a4a0   0x00000003   PAD
    0x20000354        -       0x00000004   Zero   RW          305    .bss.uwTick         stm32f1xx_hal.o
    0x20000358        -       0x00000200   Zero   RW            2    HEAP                startup_stm32f103xb.o
    0x20000558        -       0x00000400   Zero   RW            1    STACK               startup_stm32f103xb.o


==============================================================================

Image component sizes


      Code (inc. data)   RO Data    RW Data    ZI Data      Debug   Object Name

       394          0          0          0          0       5330   bh1750.o
        56          0          0          0          0       3765   delay_timer.o
      1074          0          0          0          8       6142   dht.o
       612          0          0          0          0       2873   eeprom.o
       394          0          0          0          0       1548   i2c-lcd.o
      1942          0          0          0          0       8128   lora.o
      4702          0        103         12        713      15401   main.o
        64         26        236          0       1536        808   startup_stm32f103xb.o
       254          0          0          5          4       5566   stm32f1xx_hal.o
      2042          0          0          0          0       9297   stm32f1xx_hal_adc.o
       482          0          0          0          0       7523   stm32f1xx_hal_cortex.o
      1102          0          0          0          0       6264   stm32f1xx_hal_dma.o
       984          0          0          0          0       4225   stm32f1xx_hal_gpio.o
      6688          0          0          0          0      37007   stm32f1xx_hal_i2c.o
       634          0          0          0          0       9074   stm32f1xx_hal_msp.o
      2588          0          0          0          0       7401   stm32f1xx_hal_rcc.o
       456          0          0          0          0       3109   stm32f1xx_hal_rcc_ex.o
      2884          0          0          0          0      19136   stm32f1xx_hal_spi.o
      1190          0          0          0          0      34508   stm32f1xx_hal_tim.o
       220          0          0          0          0      14739   stm32f1xx_hal_tim_ex.o
       102          0          0          0          0       1748   stm32f1xx_it.o
         2          0         24          4          0       1576   system_stm32f1xx.o

    ----------------------------------------------------------------------
     29010         26        396         24       2272     205168   Object Totals
         0          0         32          0          0          0   (incl. Generated)
       144          0          1          3         11          0   (incl. Padding)

    ----------------------------------------------------------------------

      Code (inc. data)   RO Data    RW Data    ZI Data      Debug   Library Member Name

         8          0          0          0          0         68   __main.o
       392          4         17          0          0         92   __printf_flags_ss_wp.o
        14          0          0          0          0         68   __printf_wp.o
         0          0          0          0          0          0   __rtentry.o
        12          0          0          0          0          0   __rtentry2.o
         6          0          0          0          0          0   __rtentry4.o
        52          8          0          0          0          0   __scatter.o
        26          0          0          0          0          0   __scatter_copy.o
        28          0          0          0          0          0   __scatter_zi.o
        72          0          0          0          0         96   _c16rtomb.o
         6          0          0          0          0          0   _printf_a.o
         6          0          0          0          0          0   _printf_c.o
        44          0          0          0          0        108   _printf_char.o
        48          6          0          0          0         96   _printf_char_common.o
        40          0          0          0          0         68   _printf_charcount.o
         6          0          0          0          0          0   _printf_d.o
       120         16          0          0          0         92   _printf_dec.o
         6          0          0          0          0          0   _printf_e.o
         6          0          0          0          0          0   _printf_f.o
      1052          0          0          0          0        148   _printf_fp_dec.o
       764          8         38          0          0        100   _printf_fp_hex.o
       128         16          0          0          0         84   _printf_fp_infnan.o
         6          0          0          0          0          0   _printf_g.o
       148          4         40          0          0        160   _printf_hex_int_ll_ptr.o
         6          0          0          0          0          0   _printf_i.o
       178          0          0          0          0         88   _printf_intcommon.o
        10          0          0          0          0          0   _printf_l.o
         6          0          0          0          0          0   _printf_lc.o
        10          0          0          0          0          0   _printf_ll.o
         6          0          0          0          0          0   _printf_lld.o
         6          0          0          0          0          0   _printf_lli.o
         6          0          0          0          0          0   _printf_llo.o
         6          0          0          0          0          0   _printf_llu.o
         6          0          0          0          0          0   _printf_llx.o
       124         16          0          0          0         92   _printf_longlong_dec.o
         6          0          0          0          0          0   _printf_ls.o
         6          0          0          0          0          0   _printf_n.o
         6          0          0          0          0          0   _printf_o.o
       112          8          0          0          0        124   _printf_oct_int_ll.o
         6          0          0          0          0          0   _printf_p.o
        78          0          0          0          0        108   _printf_pad.o
         0          0          0          0          0          0   _printf_percent.o
         4          0          0          0          0          0   _printf_percent_end.o
         6          0          0          0          0          0   _printf_s.o
        82          0          0          0          0         80   _printf_str.o
        36          0          0          0          0         84   _printf_truncate.o
         6          0          0          0          0          0   _printf_u.o
        44          0          0          0          0        108   _printf_wchar.o
       188          6          8          0          0         92   _printf_wctomb.o
         6          0          0          0          0          0   _printf_x.o
        22          0          0          0          0        100   _rserrno.o
        10          0          0          0          0         68   _sputc.o
       228          4        148          0          0         96   bigflt0.o
      1936        128          0          0          0        668   btod.o
        40          0          0          0          0         80   calloc.o
        10          0          0          0          0         68   defsig_exit.o
        50          0          0          0          0         88   defsig_general.o
        80         58          0          0          0         76   defsig_rtmem_inner.o
        14          0          0          0          0         80   defsig_rtmem_outer.o
        18          0          0          0          0         80   exit.o
        94          0          0          0          0         80   h1_alloc.o
        52          0          0          0          0         68   h1_extend.o
        78          0          0          0          0         80   h1_free.o
        14          0          0          0          0         84   h1_init.o
         6          0          0          0          0        152   heapauxi.o
         4          0          0          0          0        136   hguard.o
         0          0          0          0          0          0   indicate_semi.o
       138          0          0          0          0        168   init_alloc.o
        44         10        272          0          0         76   lc_ctype_c.o
        44         10         28          0          0         76   lc_numeric_c.o
         2          0          0          0          0          0   libinit.o
        38          0          0          0          0          0   libinit2.o
         2          0          0          0          0          0   libshutdown.o
         2          0          0          0          0          0   libshutdown2.o
         8          4          0          0         96         68   libspace.o
       138          0          0          0          0         80   lludiv10.o
         0          0          0          0          0          0   maybetermalloc1.o
        16          4          0          0          0         76   rt_ctype_table.o
         8          4          0          0          0         68   rt_errno_addr_intlibspace.o
         8          4          0          0          0         68   rt_heap_descriptor_intlibspace.o
         8          4          0          0          0         68   rt_locale_intlibspace.o
        68          0          0          0          0         68   rt_memclr.o
        78          0          0          0          0         80   rt_memclr_w.o
         2          0          0          0          0          0   rtexit.o
        10          0          0          0          0          0   rtexit2.o
        44          6          0          0          0         84   sprintf.o
       128          0          0          0          0         68   strcmpv7m.o
        72          0          0          0          0         80   strcpy.o
        62          0          0          0          0         76   strlen.o
        12          4          0          0          0         68   sys_exit.o
        74          0          0          0          0         80   sys_stackheap_outer.o
        14          0          0          0          0         76   sys_wrch.o
         2          0          0          0          0         68   use_no_semi.o
       834         16          0          0          0        372   daddsub_clz.o
        16          4          0          0          0         68   dcheck1.o
        24          0          0          0          0         68   dcmpi.o
       692        140          0          0          0        216   ddiv.o
       120          4          0          0          0         92   deqf.o
        94          4          0          0          0         92   dfix.o
        84          0          0          0          0        136   dflt_clz.o
       340         12          0          0          0        104   dmul.o
       156          4          0          0          0         92   dnaninf.o
        12          0          0          0          0         68   dretinf.o
       430          8          0          0          0        168   faddsub_clz.o
        54          4          0          0          0         84   ffix.o
        86          0          0          0          0        136   fflt_clz.o
       140          4          0          0          0         84   fnaninf.o
        10          0          0          0          0         68   fretinf.o
         4          0          0          0          0         68   printf1.o
         4          0          0          0          0         68   printf2.o
       100          0          0          0          0         68   retnan.o
        92          0          0          0          0         68   scalbn.o
        48          0          0          0          0         68   trapv.o
         0          0          0          0          0          0   usenofp.o
        34          4          0          0          0        204   dunder.o
        40          0          0          0          0         68   fpclassify.o
       860         52         56          0          0        256   log.o
       170          0          0          0          0         96   poly.o
         0          0          8          0          0          0   qnan.o

    ----------------------------------------------------------------------
     12090        588        624          0         96       8268   Library Totals
        28          0          9          0          0          0   (incl. Padding)

    ----------------------------------------------------------------------

      Code (inc. data)   RO Data    RW Data    ZI Data      Debug   Library Name

      7618        332        551          0         96       5456   c_w.l
      3340        200          0          0          0       2188   fz_ws.l
      1104         56         64          0          0        624   m_ws.l

    ----------------------------------------------------------------------
     12090        588        624          0         96       8268   Library Totals

    ----------------------------------------------------------------------

==============================================================================


      Code (inc. data)   RO Data    RW Data    ZI Data      Debug   

     41100        614       1020         24       2368     208404   Grand Totals
     41100        614       1020         24       2368     208404   ELF Image Totals
     41100        614       1020         24          0          0   ROM Totals

==============================================================================

    Total RO  Size (Code + RO Data)                42120 (  41.13kB)
    Total RW  Size (RW Data + ZI Data)              2392 (   2.34kB)
    Total ROM Size (Code + RO Data + RW Data)      42144 (  41.16kB)

==============================================================================

